2026-01-11T17:08:57.4933693Z Current runner version: '2.330.0'
2026-01-11T17:08:57.4965204Z ##[group]Runner Image Provisioner
2026-01-11T17:08:57.4966685Z Hosted Compute Agent
2026-01-11T17:08:57.4967427Z Version: 20251211.462
2026-01-11T17:08:57.4968274Z Commit: 6cbad8c2bb55d58165063d031ccabf57e2d2db61
2026-01-11T17:08:57.4969405Z Build Date: 2025-12-11T16:28:49Z
2026-01-11T17:08:57.4970365Z Worker ID: {a46dd0a1-ceaa-4fe0-8dc0-25411c8c97e4}
2026-01-11T17:08:57.4971411Z ##[endgroup]
2026-01-11T17:08:57.4972151Z ##[group]Operating System
2026-01-11T17:08:57.4972999Z Ubuntu
2026-01-11T17:08:57.4973624Z 24.04.3
2026-01-11T17:08:57.4974316Z LTS
2026-01-11T17:08:57.4974957Z ##[endgroup]
2026-01-11T17:08:57.4975897Z ##[group]Runner Image
2026-01-11T17:08:57.4976750Z Image: ubuntu-24.04
2026-01-11T17:08:57.4977496Z Version: 20260105.202.1
2026-01-11T17:08:57.4979070Z Included Software: https://github.com/actions/runner-images/blob/ubuntu24/20260105.202/images/ubuntu/Ubuntu2404-Readme.md
2026-01-11T17:08:57.4981501Z Image Release: https://github.com/actions/runner-images/releases/tag/ubuntu24%2F20260105.202
2026-01-11T17:08:57.4983140Z ##[endgroup]
2026-01-11T17:08:57.4987379Z ##[group]GITHUB_TOKEN Permissions
2026-01-11T17:08:57.4990297Z Actions: write
2026-01-11T17:08:57.4991153Z ArtifactMetadata: write
2026-01-11T17:08:57.4991945Z Attestations: write
2026-01-11T17:08:57.4992625Z Checks: write
2026-01-11T17:08:57.4993379Z Contents: write
2026-01-11T17:08:57.4994098Z Deployments: write
2026-01-11T17:08:57.4994877Z Discussions: write
2026-01-11T17:08:57.4995720Z Issues: write
2026-01-11T17:08:57.4996494Z Metadata: read
2026-01-11T17:08:57.4997166Z Models: read
2026-01-11T17:08:57.4997957Z Packages: write
2026-01-11T17:08:57.4998660Z Pages: write
2026-01-11T17:08:57.4999495Z PullRequests: write
2026-01-11T17:08:57.5000446Z RepositoryProjects: write
2026-01-11T17:08:57.5001272Z SecurityEvents: write
2026-01-11T17:08:57.5002095Z Statuses: write
2026-01-11T17:08:57.5002847Z ##[endgroup]
2026-01-11T17:08:57.5006111Z Secret source: Actions
2026-01-11T17:08:57.5007652Z Prepare workflow directory
2026-01-11T17:08:57.5382964Z Prepare all required actions
2026-01-11T17:08:57.5438300Z Getting action download info
2026-01-11T17:08:57.8201392Z Download action repository 'actions/checkout@v4' (SHA:34e114876b0b11c390a56381ad16ebd13914f8d5)
2026-01-11T17:08:57.8852355Z Download action repository 'actions/upload-artifact@v4' (SHA:ea165f8d65b6e75b540449e92b4886f43607fa02)
2026-01-11T17:08:58.0548167Z Uses: jxoesneon/tectonic/.github/workflows/build_and_test.yml@refs/heads/release-debug (e3ca38750ab523cf55ff35bec0cec85a56d79125)
2026-01-11T17:08:58.0552927Z Complete job name: build_and_test / appimage
2026-01-11T17:08:58.1152074Z ##[group]Run actions/checkout@v4
2026-01-11T17:08:58.1152870Z with:
2026-01-11T17:08:58.1153274Z   fetch-depth: 0
2026-01-11T17:08:58.1153768Z   submodules: true
2026-01-11T17:08:58.1154194Z   repository: jxoesneon/tectonic
2026-01-11T17:08:58.1154880Z   token: ***
2026-01-11T17:08:58.1155280Z   ssh-strict: true
2026-01-11T17:08:58.1155986Z   ssh-user: git
2026-01-11T17:08:58.1156460Z   persist-credentials: true
2026-01-11T17:08:58.1156921Z   clean: true
2026-01-11T17:08:58.1157372Z   sparse-checkout-cone-mode: true
2026-01-11T17:08:58.1157875Z   fetch-tags: false
2026-01-11T17:08:58.1158334Z   show-progress: true
2026-01-11T17:08:58.1158766Z   lfs: false
2026-01-11T17:08:58.1159191Z   set-safe-directory: true
2026-01-11T17:08:58.1159878Z ##[endgroup]
2026-01-11T17:08:58.2132329Z Syncing repository: jxoesneon/tectonic
2026-01-11T17:08:58.2134286Z ##[group]Getting Git version info
2026-01-11T17:08:58.2135046Z Working directory is '/home/runner/work/tectonic/tectonic'
2026-01-11T17:08:58.2136330Z [command]/usr/bin/git version
2026-01-11T17:08:58.2181232Z git version 2.52.0
2026-01-11T17:08:58.2203767Z ##[endgroup]
2026-01-11T17:08:58.2216562Z Temporarily overriding HOME='/home/runner/work/_temp/f830abf5-618b-428e-b111-c3bc40d6a4a2' before making global git config changes
2026-01-11T17:08:58.2218127Z Adding repository directory to the temporary git global config as a safe directory
2026-01-11T17:08:58.2228705Z [command]/usr/bin/git config --global --add safe.directory /home/runner/work/tectonic/tectonic
2026-01-11T17:08:58.2259518Z Deleting the contents of '/home/runner/work/tectonic/tectonic'
2026-01-11T17:08:58.2262372Z ##[group]Initializing the repository
2026-01-11T17:08:58.2265999Z [command]/usr/bin/git init /home/runner/work/tectonic/tectonic
2026-01-11T17:08:58.2332650Z hint: Using 'master' as the name for the initial branch. This default branch name
2026-01-11T17:08:58.2334481Z hint: will change to "main" in Git 3.0. To configure the initial branch name
2026-01-11T17:08:58.2336164Z hint: to use in all of your new repositories, which will suppress this warning,
2026-01-11T17:08:58.2336876Z hint: call:
2026-01-11T17:08:58.2337361Z hint:
2026-01-11T17:08:58.2337838Z hint: 	git config --global init.defaultBranch <name>
2026-01-11T17:08:58.2338413Z hint:
2026-01-11T17:08:58.2338998Z hint: Names commonly chosen instead of 'master' are 'main', 'trunk' and
2026-01-11T17:08:58.2340160Z hint: 'development'. The just-created branch can be renamed via this command:
2026-01-11T17:08:58.2340868Z hint:
2026-01-11T17:08:58.2341302Z hint: 	git branch -m <name>
2026-01-11T17:08:58.2341763Z hint:
2026-01-11T17:08:58.2342327Z hint: Disable this message with "git config set advice.defaultBranchName false"
2026-01-11T17:08:58.2343306Z Initialized empty Git repository in /home/runner/work/tectonic/tectonic/.git/
2026-01-11T17:08:58.2344904Z [command]/usr/bin/git remote add origin https://github.com/jxoesneon/tectonic
2026-01-11T17:08:58.2371627Z ##[endgroup]
2026-01-11T17:08:58.2372421Z ##[group]Disabling automatic garbage collection
2026-01-11T17:08:58.2375054Z [command]/usr/bin/git config --local gc.auto 0
2026-01-11T17:08:58.2397187Z ##[endgroup]
2026-01-11T17:08:58.2398077Z ##[group]Setting up auth
2026-01-11T17:08:58.2402888Z [command]/usr/bin/git config --local --name-only --get-regexp core\.sshCommand
2026-01-11T17:08:58.2426095Z [command]/usr/bin/git submodule foreach --recursive sh -c "git config --local --name-only --get-regexp 'core\.sshCommand' && git config --local --unset-all 'core.sshCommand' || :"
2026-01-11T17:08:58.2682908Z [command]/usr/bin/git config --local --name-only --get-regexp http\.https\:\/\/github\.com\/\.extraheader
2026-01-11T17:08:58.2709509Z [command]/usr/bin/git submodule foreach --recursive sh -c "git config --local --name-only --get-regexp 'http\.https\:\/\/github\.com\/\.extraheader' && git config --local --unset-all 'http.https://github.com/.extraheader' || :"
2026-01-11T17:08:58.2872533Z [command]/usr/bin/git config --local --name-only --get-regexp ^includeIf\.gitdir:
2026-01-11T17:08:58.2897170Z [command]/usr/bin/git submodule foreach --recursive git config --local --show-origin --name-only --get-regexp remote.origin.url
2026-01-11T17:08:58.3068897Z [command]/usr/bin/git config --local http.https://github.com/.extraheader AUTHORIZATION: basic ***
2026-01-11T17:08:58.3095750Z ##[endgroup]
2026-01-11T17:08:58.3097072Z ##[group]Fetching the repository
2026-01-11T17:08:58.3104405Z [command]/usr/bin/git -c protocol.version=2 fetch --prune --no-recurse-submodules origin +refs/heads/*:refs/remotes/origin/* +refs/tags/*:refs/tags/*
2026-01-11T17:09:00.4682145Z From https://github.com/jxoesneon/tectonic
2026-01-11T17:09:00.4684724Z  * [new branch]        craftspider/fix-coverage    -> origin/craftspider/fix-coverage
2026-01-11T17:09:00.4687812Z  * [new branch]        local/ferrotex-vendor-v2    -> origin/local/ferrotex-vendor-v2
2026-01-11T17:09:00.4690357Z  * [new branch]        master                      -> origin/master
2026-01-11T17:09:00.4692956Z  * [new branch]        pr/msvc-build-flags         -> origin/pr/msvc-build-flags
2026-01-11T17:09:00.4695710Z  * [new branch]        pr/remove-atty              -> origin/pr/remove-atty
2026-01-11T17:09:00.4698106Z  * [new branch]        release                     -> origin/release
2026-01-11T17:09:00.4700479Z  * [new branch]        release-debug               -> origin/release-debug
2026-01-11T17:09:00.4703190Z  * [new branch]        rmdr/log                    -> origin/rmdr/log
2026-01-11T17:09:00.4705681Z  * [new branch]        rmdr/workspace              -> origin/rmdr/workspace
2026-01-11T17:09:00.4708210Z  * [new tag]           cfg_support-v0.0.1          -> cfg_support-v0.0.1
2026-01-11T17:09:00.4710550Z  * [new tag]           cfg_support-v0.0.2          -> cfg_support-v0.0.2
2026-01-11T17:09:00.4713002Z  * [new tag]           constants-with-values       -> constants-with-values
2026-01-11T17:09:00.4715203Z  * [new tag]           continuous                  -> continuous
2026-01-11T17:09:00.4717431Z  * [new tag]           tectonic@0.0.0              -> tectonic@0.0.0
2026-01-11T17:09:00.4720891Z  * [new tag]           tectonic@0.1.13             -> tectonic@0.1.13
2026-01-11T17:09:00.4723205Z  * [new tag]           tectonic@0.1.14             -> tectonic@0.1.14
2026-01-11T17:09:00.4725435Z  * [new tag]           tectonic@0.1.15             -> tectonic@0.1.15
2026-01-11T17:09:00.4727858Z  * [new tag]           tectonic@0.1.16             -> tectonic@0.1.16
2026-01-11T17:09:00.4730112Z  * [new tag]           tectonic@0.1.17             -> tectonic@0.1.17
2026-01-11T17:09:00.4732365Z  * [new tag]           tectonic@0.10.0             -> tectonic@0.10.0
2026-01-11T17:09:00.4734617Z  * [new tag]           tectonic@0.11.0             -> tectonic@0.11.0
2026-01-11T17:09:00.4737062Z  * [new tag]           tectonic@0.12.0             -> tectonic@0.12.0
2026-01-11T17:09:00.4739428Z  * [new tag]           tectonic@0.13.0             -> tectonic@0.13.0
2026-01-11T17:09:00.4741821Z  * [new tag]           tectonic@0.13.1             -> tectonic@0.13.1
2026-01-11T17:09:00.4744245Z  * [new tag]           tectonic@0.14.0             -> tectonic@0.14.0
2026-01-11T17:09:00.4746984Z  * [new tag]           tectonic@0.14.1             -> tectonic@0.14.1
2026-01-11T17:09:00.4749549Z  * [new tag]           tectonic@0.15.0             -> tectonic@0.15.0
2026-01-11T17:09:00.4752161Z  * [new tag]           tectonic@0.16.1             -> tectonic@0.16.1
2026-01-11T17:09:00.4754830Z  * [new tag]           tectonic@0.2.0              -> tectonic@0.2.0
2026-01-11T17:09:00.4757592Z  * [new tag]           tectonic@0.3.0              -> tectonic@0.3.0
2026-01-11T17:09:00.4760148Z  * [new tag]           tectonic@0.3.1              -> tectonic@0.3.1
2026-01-11T17:09:00.4762702Z  * [new tag]           tectonic@0.3.2              -> tectonic@0.3.2
2026-01-11T17:09:00.4765255Z  * [new tag]           tectonic@0.3.3              -> tectonic@0.3.3
2026-01-11T17:09:00.4767954Z  * [new tag]           tectonic@0.4.0              -> tectonic@0.4.0
2026-01-11T17:09:00.4770741Z  * [new tag]           tectonic@0.4.1              -> tectonic@0.4.1
2026-01-11T17:09:00.4773279Z  * [new tag]           tectonic@0.5.0              -> tectonic@0.5.0
2026-01-11T17:09:00.4775946Z  * [new tag]           tectonic@0.5.1              -> tectonic@0.5.1
2026-01-11T17:09:00.4778380Z  * [new tag]           tectonic@0.5.2              -> tectonic@0.5.2
2026-01-11T17:09:00.4780971Z  * [new tag]           tectonic@0.6.0              -> tectonic@0.6.0
2026-01-11T17:09:00.4783535Z  * [new tag]           tectonic@0.6.1              -> tectonic@0.6.1
2026-01-11T17:09:00.4786310Z  * [new tag]           tectonic@0.6.2              -> tectonic@0.6.2
2026-01-11T17:09:00.4788913Z  * [new tag]           tectonic@0.6.3              -> tectonic@0.6.3
2026-01-11T17:09:00.4791489Z  * [new tag]           tectonic@0.6.4              -> tectonic@0.6.4
2026-01-11T17:09:00.4794110Z  * [new tag]           tectonic@0.7.0              -> tectonic@0.7.0
2026-01-11T17:09:00.4796846Z  * [new tag]           tectonic@0.7.1              -> tectonic@0.7.1
2026-01-11T17:09:00.4799426Z  * [new tag]           tectonic@0.8.0              -> tectonic@0.8.0
2026-01-11T17:09:00.4801988Z  * [new tag]           tectonic@0.8.1              -> tectonic@0.8.1
2026-01-11T17:09:00.4804556Z  * [new tag]           tectonic@0.8.2              -> tectonic@0.8.2
2026-01-11T17:09:00.4807385Z  * [new tag]           tectonic@0.9.0              -> tectonic@0.9.0
2026-01-11T17:09:00.4810342Z  * [new tag]           tectonic_bridge_core@0.1.0  -> tectonic_bridge_core@0.1.0
2026-01-11T17:09:00.4813324Z  * [new tag]           tectonic_bridge_core@0.2.0  -> tectonic_bridge_core@0.2.0
2026-01-11T17:09:00.4816351Z  * [new tag]           tectonic_bridge_core@0.2.1  -> tectonic_bridge_core@0.2.1
2026-01-11T17:09:00.4819247Z  * [new tag]           tectonic_bridge_core@0.2.2  -> tectonic_bridge_core@0.2.2
2026-01-11T17:09:00.4822019Z  * [new tag]           tectonic_bridge_core@0.3.0  -> tectonic_bridge_core@0.3.0
2026-01-11T17:09:00.4824714Z  * [new tag]           tectonic_bridge_core@0.3.1  -> tectonic_bridge_core@0.3.1
2026-01-11T17:09:00.4826821Z  * [new tag]           tectonic_bridge_core@0.3.2  -> tectonic_bridge_core@0.3.2
2026-01-11T17:09:00.4828682Z  * [new tag]           tectonic_bridge_core@0.4.0  -> tectonic_bridge_core@0.4.0
2026-01-11T17:09:00.4830451Z  * [new tag]           tectonic_bridge_core@0.4.1  -> tectonic_bridge_core@0.4.1
2026-01-11T17:09:00.4832204Z  * [new tag]           tectonic_bridge_flate@0.1.0 -> tectonic_bridge_flate@0.1.0
2026-01-11T17:09:00.4833962Z  * [new tag]           tectonic_bridge_flate@0.1.1 -> tectonic_bridge_flate@0.1.1
2026-01-11T17:09:00.4835897Z  * [new tag]           tectonic_bridge_flate@0.1.2 -> tectonic_bridge_flate@0.1.2
2026-01-11T17:09:00.4837657Z  * [new tag]           tectonic_bridge_flate@0.1.3 -> tectonic_bridge_flate@0.1.3
2026-01-11T17:09:00.4839362Z  * [new tag]           tectonic_bridge_flate@0.1.4 -> tectonic_bridge_flate@0.1.4
2026-01-11T17:09:00.4841356Z  * [new tag]           tectonic_bridge_flate@0.1.5 -> tectonic_bridge_flate@0.1.5
2026-01-11T17:09:00.4843957Z  * [new tag]           tectonic_bridge_flate@0.1.6 -> tectonic_bridge_flate@0.1.6
2026-01-11T17:09:00.4845882Z  * [new tag]           tectonic_bridge_flate@0.1.7 -> tectonic_bridge_flate@0.1.7
2026-01-11T17:09:00.4847720Z  * [new tag]           tectonic_bridge_freetype2@0.1.0 -> tectonic_bridge_freetype2@0.1.0
2026-01-11T17:09:00.4850049Z  * [new tag]           tectonic_bridge_freetype2@0.2.0 -> tectonic_bridge_freetype2@0.2.0
2026-01-11T17:09:00.4852781Z  * [new tag]           tectonic_bridge_graphite2@0.1.0 -> tectonic_bridge_graphite2@0.1.0
2026-01-11T17:09:00.4855154Z  * [new tag]           tectonic_bridge_graphite2@0.1.1 -> tectonic_bridge_graphite2@0.1.1
2026-01-11T17:09:00.4857528Z  * [new tag]           tectonic_bridge_graphite2@0.2.0 -> tectonic_bridge_graphite2@0.2.0
2026-01-11T17:09:00.4859865Z  * [new tag]           tectonic_bridge_graphite2@0.2.1 -> tectonic_bridge_graphite2@0.2.1
2026-01-11T17:09:00.4861955Z  * [new tag]           tectonic_bridge_graphite2@0.2.2 -> tectonic_bridge_graphite2@0.2.2
2026-01-11T17:09:00.4864680Z  * [new tag]           tectonic_bridge_harfbuzz@0.1.0 -> tectonic_bridge_harfbuzz@0.1.0
2026-01-11T17:09:00.4867770Z  * [new tag]           tectonic_bridge_harfbuzz@0.2.0 -> tectonic_bridge_harfbuzz@0.2.0
2026-01-11T17:09:00.4870674Z  * [new tag]           tectonic_bridge_harfbuzz@0.2.1 -> tectonic_bridge_harfbuzz@0.2.1
2026-01-11T17:09:00.4873629Z  * [new tag]           tectonic_bridge_harfbuzz@0.2.2 -> tectonic_bridge_harfbuzz@0.2.2
2026-01-11T17:09:00.4876705Z  * [new tag]           tectonic_bridge_harfbuzz@0.2.3 -> tectonic_bridge_harfbuzz@0.2.3
2026-01-11T17:09:00.4879694Z  * [new tag]           tectonic_bridge_harfbuzz@0.2.4 -> tectonic_bridge_harfbuzz@0.2.4
2026-01-11T17:09:00.4882685Z  * [new tag]           tectonic_bridge_harfbuzz@0.2.5 -> tectonic_bridge_harfbuzz@0.2.5
2026-01-11T17:09:00.4885806Z  * [new tag]           tectonic_bridge_harfbuzz@0.2.6 -> tectonic_bridge_harfbuzz@0.2.6
2026-01-11T17:09:00.4888819Z  * [new tag]           tectonic_bridge_harfbuzz@0.2.7 -> tectonic_bridge_harfbuzz@0.2.7
2026-01-11T17:09:00.4891680Z  * [new tag]           tectonic_bridge_harfbuzz@0.2.8 -> tectonic_bridge_harfbuzz@0.2.8
2026-01-11T17:09:00.4894676Z  * [new tag]           tectonic_bridge_harfbuzz@0.2.9 -> tectonic_bridge_harfbuzz@0.2.9
2026-01-11T17:09:00.4897369Z  * [new tag]           tectonic_bridge_icu@0.1.0   -> tectonic_bridge_icu@0.1.0
2026-01-11T17:09:00.4900130Z  * [new tag]           tectonic_bridge_icu@0.2.0   -> tectonic_bridge_icu@0.2.0
2026-01-11T17:09:00.4902302Z  * [new tag]           tectonic_bridge_icu@0.2.1   -> tectonic_bridge_icu@0.2.1
2026-01-11T17:09:00.4903870Z  * [new tag]           tectonic_bundles@0.1.0      -> tectonic_bundles@0.1.0
2026-01-11T17:09:00.4905389Z  * [new tag]           tectonic_bundles@0.2.0      -> tectonic_bundles@0.2.0
2026-01-11T17:09:00.4907170Z  * [new tag]           tectonic_bundles@0.3.0      -> tectonic_bundles@0.3.0
2026-01-11T17:09:00.4908735Z  * [new tag]           tectonic_bundles@0.3.1      -> tectonic_bundles@0.3.1
2026-01-11T17:09:00.4910316Z  * [new tag]           tectonic_cfg_support@0.0.3  -> tectonic_cfg_support@0.0.3
2026-01-11T17:09:00.4911959Z  * [new tag]           tectonic_cfg_support@0.1.0  -> tectonic_cfg_support@0.1.0
2026-01-11T17:09:00.4914112Z  * [new tag]           tectonic_cfg_support@0.1.1  -> tectonic_cfg_support@0.1.1
2026-01-11T17:09:00.4916911Z  * [new tag]           tectonic_cfg_support@0.1.2  -> tectonic_cfg_support@0.1.2
2026-01-11T17:09:00.4919529Z  * [new tag]           tectonic_cfg_support@0.1.3  -> tectonic_cfg_support@0.1.3
2026-01-11T17:09:00.4922235Z  * [new tag]           tectonic_cfg_support@0.1.4  -> tectonic_cfg_support@0.1.4
2026-01-11T17:09:00.4924793Z  * [new tag]           tectonic_dep_support@0.1.0  -> tectonic_dep_support@0.1.0
2026-01-11T17:09:00.4927665Z  * [new tag]           tectonic_dep_support@0.1.1  -> tectonic_dep_support@0.1.1
2026-01-11T17:09:00.4930295Z  * [new tag]           tectonic_docmodel@0.1.0     -> tectonic_docmodel@0.1.0
2026-01-11T17:09:00.4932641Z  * [new tag]           tectonic_docmodel@0.1.1     -> tectonic_docmodel@0.1.1
2026-01-11T17:09:00.4935119Z  * [new tag]           tectonic_docmodel@0.1.2     -> tectonic_docmodel@0.1.2
2026-01-11T17:09:00.4937799Z  * [new tag]           tectonic_docmodel@0.2.0     -> tectonic_docmodel@0.2.0
2026-01-11T17:09:00.4940285Z  * [new tag]           tectonic_docmodel@0.2.1     -> tectonic_docmodel@0.2.1
2026-01-11T17:09:00.4942837Z  * [new tag]           tectonic_docmodel@0.2.2     -> tectonic_docmodel@0.2.2
2026-01-11T17:09:00.4945398Z  * [new tag]           tectonic_engine_bibtex@0.1.0 -> tectonic_engine_bibtex@0.1.0
2026-01-11T17:09:00.4947333Z  * [new tag]           tectonic_engine_bibtex@0.1.1 -> tectonic_engine_bibtex@0.1.1
2026-01-11T17:09:00.4949619Z  * [new tag]           tectonic_engine_bibtex@0.1.2 -> tectonic_engine_bibtex@0.1.2
2026-01-11T17:09:00.4952280Z  * [new tag]           tectonic_engine_bibtex@0.1.3 -> tectonic_engine_bibtex@0.1.3
2026-01-11T17:09:00.4955144Z  * [new tag]           tectonic_engine_bibtex@0.1.4 -> tectonic_engine_bibtex@0.1.4
2026-01-11T17:09:00.4957694Z  * [new tag]           tectonic_engine_bibtex@0.1.5 -> tectonic_engine_bibtex@0.1.5
2026-01-11T17:09:00.4959319Z  * [new tag]           tectonic_engine_bibtex@0.2.0 -> tectonic_engine_bibtex@0.2.0
2026-01-11T17:09:00.4960966Z  * [new tag]           tectonic_engine_bibtex@0.2.1 -> tectonic_engine_bibtex@0.2.1
2026-01-11T17:09:00.4963015Z  * [new tag]           tectonic_engine_bibtex@0.2.2 -> tectonic_engine_bibtex@0.2.2
2026-01-11T17:09:00.4964676Z  * [new tag]           tectonic_engine_spx2html@0.1.0 -> tectonic_engine_spx2html@0.1.0
2026-01-11T17:09:00.4966776Z  * [new tag]           tectonic_engine_spx2html@0.1.1 -> tectonic_engine_spx2html@0.1.1
2026-01-11T17:09:00.4969529Z  * [new tag]           tectonic_engine_spx2html@0.2.0 -> tectonic_engine_spx2html@0.2.0
2026-01-11T17:09:00.4972363Z  * [new tag]           tectonic_engine_spx2html@0.2.1 -> tectonic_engine_spx2html@0.2.1
2026-01-11T17:09:00.4974659Z  * [new tag]           tectonic_engine_spx2html@0.3.0 -> tectonic_engine_spx2html@0.3.0
2026-01-11T17:09:00.4976616Z  * [new tag]           tectonic_engine_spx2html@0.3.1 -> tectonic_engine_spx2html@0.3.1
2026-01-11T17:09:00.4978306Z  * [new tag]           tectonic_engine_spx2html@0.3.2 -> tectonic_engine_spx2html@0.3.2
2026-01-11T17:09:00.4980817Z  * [new tag]           tectonic_engine_xdvipdfmx@0.1.0 -> tectonic_engine_xdvipdfmx@0.1.0
2026-01-11T17:09:00.4983394Z  * [new tag]           tectonic_engine_xdvipdfmx@0.1.1 -> tectonic_engine_xdvipdfmx@0.1.1
2026-01-11T17:09:00.4985315Z  * [new tag]           tectonic_engine_xdvipdfmx@0.1.2 -> tectonic_engine_xdvipdfmx@0.1.2
2026-01-11T17:09:00.4987226Z  * [new tag]           tectonic_engine_xdvipdfmx@0.1.3 -> tectonic_engine_xdvipdfmx@0.1.3
2026-01-11T17:09:00.4988960Z  * [new tag]           tectonic_engine_xdvipdfmx@0.2.0 -> tectonic_engine_xdvipdfmx@0.2.0
2026-01-11T17:09:00.4991366Z  * [new tag]           tectonic_engine_xdvipdfmx@0.3.0 -> tectonic_engine_xdvipdfmx@0.3.0
2026-01-11T17:09:00.4994218Z  * [new tag]           tectonic_engine_xdvipdfmx@0.4.0 -> tectonic_engine_xdvipdfmx@0.4.0
2026-01-11T17:09:00.4997130Z  * [new tag]           tectonic_engine_xdvipdfmx@0.4.1 -> tectonic_engine_xdvipdfmx@0.4.1
2026-01-11T17:09:00.4999863Z  * [new tag]           tectonic_engine_xetex@0.1.0 -> tectonic_engine_xetex@0.1.0
2026-01-11T17:09:00.5002456Z  * [new tag]           tectonic_engine_xetex@0.1.1 -> tectonic_engine_xetex@0.1.1
2026-01-11T17:09:00.5005205Z  * [new tag]           tectonic_engine_xetex@0.1.2 -> tectonic_engine_xetex@0.1.2
2026-01-11T17:09:00.5007819Z  * [new tag]           tectonic_engine_xetex@0.1.3 -> tectonic_engine_xetex@0.1.3
2026-01-11T17:09:00.5010351Z  * [new tag]           tectonic_engine_xetex@0.1.4 -> tectonic_engine_xetex@0.1.4
2026-01-11T17:09:00.5012852Z  * [new tag]           tectonic_engine_xetex@0.2.0 -> tectonic_engine_xetex@0.2.0
2026-01-11T17:09:00.5015425Z  * [new tag]           tectonic_engine_xetex@0.3.0 -> tectonic_engine_xetex@0.3.0
2026-01-11T17:09:00.5017400Z  * [new tag]           tectonic_engine_xetex@0.4.0 -> tectonic_engine_xetex@0.4.0
2026-01-11T17:09:00.5019835Z  * [new tag]           tectonic_engine_xetex@0.4.1 -> tectonic_engine_xetex@0.4.1
2026-01-11T17:09:00.5022244Z  * [new tag]           tectonic_engine_xetex@0.4.2 -> tectonic_engine_xetex@0.4.2
2026-01-11T17:09:00.5024642Z  * [new tag]           tectonic_engine_xetex@0.4.3 -> tectonic_engine_xetex@0.4.3
2026-01-11T17:09:00.5027345Z  * [new tag]           tectonic_engine_xetex@0.4.4 -> tectonic_engine_xetex@0.4.4
2026-01-11T17:09:00.5029747Z  * [new tag]           tectonic_errors@0.1.0       -> tectonic_errors@0.1.0
2026-01-11T17:09:00.5032053Z  * [new tag]           tectonic_errors@0.2.0       -> tectonic_errors@0.2.0
2026-01-11T17:09:00.5034338Z  * [new tag]           tectonic_errors@0.2.1       -> tectonic_errors@0.2.1
2026-01-11T17:09:00.5036206Z  * [new tag]           tectonic_geturl@0.1.0       -> tectonic_geturl@0.1.0
2026-01-11T17:09:00.5038413Z  * [new tag]           tectonic_geturl@0.2.0       -> tectonic_geturl@0.2.0
2026-01-11T17:09:00.5039846Z  * [new tag]           tectonic_geturl@0.2.1       -> tectonic_geturl@0.2.1
2026-01-11T17:09:00.5041257Z  * [new tag]           tectonic_geturl@0.3.0       -> tectonic_geturl@0.3.0
2026-01-11T17:09:00.5042742Z  * [new tag]           tectonic_geturl@0.3.1       -> tectonic_geturl@0.3.1
2026-01-11T17:09:00.5044636Z  * [new tag]           tectonic_geturl@0.3.2       -> tectonic_geturl@0.3.2
2026-01-11T17:09:00.5046810Z  * [new tag]           tectonic_io_base@0.1.0      -> tectonic_io_base@0.1.0
2026-01-11T17:09:00.5049153Z  * [new tag]           tectonic_io_base@0.2.0      -> tectonic_io_base@0.2.0
2026-01-11T17:09:00.5051487Z  * [new tag]           tectonic_io_base@0.3.0      -> tectonic_io_base@0.3.0
2026-01-11T17:09:00.5053805Z  * [new tag]           tectonic_io_base@0.3.1      -> tectonic_io_base@0.3.1
2026-01-11T17:09:00.5056295Z  * [new tag]           tectonic_io_base@0.4.0      -> tectonic_io_base@0.4.0
2026-01-11T17:09:00.5058812Z  * [new tag]           tectonic_io_base@0.4.1      -> tectonic_io_base@0.4.1
2026-01-11T17:09:00.5061374Z  * [new tag]           tectonic_io_base@0.4.2      -> tectonic_io_base@0.4.2
2026-01-11T17:09:00.5063742Z  * [new tag]           tectonic_io_base@0.4.3      -> tectonic_io_base@0.4.3
2026-01-11T17:09:00.5066149Z  * [new tag]           tectonic_pdf_io@0.1.0       -> tectonic_pdf_io@0.1.0
2026-01-11T17:09:00.5068676Z  * [new tag]           tectonic_pdf_io@0.1.1       -> tectonic_pdf_io@0.1.1
2026-01-11T17:09:00.5071006Z  * [new tag]           tectonic_pdf_io@0.1.2       -> tectonic_pdf_io@0.1.2
2026-01-11T17:09:00.5073234Z  * [new tag]           tectonic_pdf_io@0.2.0       -> tectonic_pdf_io@0.2.0
2026-01-11T17:09:00.5075469Z  * [new tag]           tectonic_pdf_io@0.3.0       -> tectonic_pdf_io@0.3.0
2026-01-11T17:09:00.5077942Z  * [new tag]           tectonic_pdf_io@0.4.0       -> tectonic_pdf_io@0.4.0
2026-01-11T17:09:00.5080143Z  * [new tag]           tectonic_pdf_io@0.4.1       -> tectonic_pdf_io@0.4.1
2026-01-11T17:09:00.5082361Z  * [new tag]           tectonic_status_base@0.1.0  -> tectonic_status_base@0.1.0
2026-01-11T17:09:00.5084413Z  * [new tag]           tectonic_status_base@0.2.0  -> tectonic_status_base@0.2.0
2026-01-11T17:09:00.5087085Z  * [new tag]           tectonic_status_base@0.2.1  -> tectonic_status_base@0.2.1
2026-01-11T17:09:00.5089449Z  * [new tag]           tectonic_xdv@0.1.10         -> tectonic_xdv@0.1.10
2026-01-11T17:09:00.5091813Z  * [new tag]           tectonic_xdv@0.1.11         -> tectonic_xdv@0.1.11
2026-01-11T17:09:00.5094127Z  * [new tag]           tectonic_xdv@0.1.12         -> tectonic_xdv@0.1.12
2026-01-11T17:09:00.5096468Z  * [new tag]           tectonic_xdv@0.1.9          -> tectonic_xdv@0.1.9
2026-01-11T17:09:00.5098666Z  * [new tag]           tectonic_xdv@0.2.0          -> tectonic_xdv@0.2.0
2026-01-11T17:09:00.5100864Z  * [new tag]           tectonic_xdv@0.2.1          -> tectonic_xdv@0.2.1
2026-01-11T17:09:00.5103089Z  * [new tag]           tectonic_xdv@0.2.2          -> tectonic_xdv@0.2.2
2026-01-11T17:09:00.5105404Z  * [new tag]           tectonic_xetex_format@0.1.0 -> tectonic_xetex_format@0.1.0
2026-01-11T17:09:00.5108084Z  * [new tag]           tectonic_xetex_format@0.2.0 -> tectonic_xetex_format@0.2.0
2026-01-11T17:09:00.5110588Z  * [new tag]           tectonic_xetex_format@0.3.0 -> tectonic_xetex_format@0.3.0
2026-01-11T17:09:00.5113134Z  * [new tag]           tectonic_xetex_format@0.3.1 -> tectonic_xetex_format@0.3.1
2026-01-11T17:09:00.5115930Z  * [new tag]           tectonic_xetex_format@0.3.2 -> tectonic_xetex_format@0.3.2
2026-01-11T17:09:00.5118456Z  * [new tag]           tectonic_xetex_layout@0.1.0 -> tectonic_xetex_layout@0.1.0
2026-01-11T17:09:00.5120935Z  * [new tag]           tectonic_xetex_layout@0.1.1 -> tectonic_xetex_layout@0.1.1
2026-01-11T17:09:00.5123436Z  * [new tag]           tectonic_xetex_layout@0.2.0 -> tectonic_xetex_layout@0.2.0
2026-01-11T17:09:00.5126317Z  * [new tag]           tectonic_xetex_layout@0.2.1 -> tectonic_xetex_layout@0.2.1
2026-01-11T17:09:00.5128907Z  * [new tag]           tectonic_xetex_layout@0.2.2 -> tectonic_xetex_layout@0.2.2
2026-01-11T17:09:00.5131450Z  * [new tag]           tectonic_xetex_layout@0.2.3 -> tectonic_xetex_layout@0.2.3
2026-01-11T17:09:00.5134051Z  * [new tag]           tectonic_xetex_layout@0.2.4 -> tectonic_xetex_layout@0.2.4
2026-01-11T17:09:00.5136564Z  * [new tag]           v0.1.0                      -> v0.1.0
2026-01-11T17:09:00.5138536Z  * [new tag]           v0.1.1                      -> v0.1.1
2026-01-11T17:09:00.5140403Z  * [new tag]           v0.1.10                     -> v0.1.10
2026-01-11T17:09:00.5142322Z  * [new tag]           v0.1.11                     -> v0.1.11
2026-01-11T17:09:00.5144101Z  * [new tag]           v0.1.12                     -> v0.1.12
2026-01-11T17:09:00.5146122Z  * [new tag]           v0.1.2                      -> v0.1.2
2026-01-11T17:09:00.5147862Z  * [new tag]           v0.1.3                      -> v0.1.3
2026-01-11T17:09:00.5150341Z  * [new tag]           v0.1.4                      -> v0.1.4
2026-01-11T17:09:00.5152188Z  * [new tag]           v0.1.5                      -> v0.1.5
2026-01-11T17:09:00.5154025Z  * [new tag]           v0.1.6                      -> v0.1.6
2026-01-11T17:09:00.5156077Z  * [new tag]           v0.1.7                      -> v0.1.7
2026-01-11T17:09:00.5157906Z  * [new tag]           v0.1.8                      -> v0.1.8
2026-01-11T17:09:00.5160001Z  * [new tag]           v0.1.9                      -> v0.1.9
2026-01-11T17:09:00.5161860Z  * [new tag]           v0.16.1                     -> v0.16.1
2026-01-11T17:09:00.5163762Z  * [new tag]           v0.16.2                     -> v0.16.2
2026-01-11T17:09:00.5165792Z  * [new tag]           v0.17.0                     -> v0.17.0
2026-01-11T17:09:00.5167624Z  * [new tag]           v0.17.1                     -> v0.17.1
2026-01-11T17:09:00.5169614Z  * [new tag]           v0.17.2-rc.1                -> v0.17.2-rc.1
2026-01-11T17:09:00.5171716Z  * [new tag]           v0.17.2-rc.2                -> v0.17.2-rc.2
2026-01-11T17:09:00.5176606Z [command]/usr/bin/git branch --list --remote origin/release-debug
2026-01-11T17:09:00.5178564Z   origin/release-debug
2026-01-11T17:09:00.5181837Z [command]/usr/bin/git rev-parse refs/remotes/origin/release-debug
2026-01-11T17:09:00.5183882Z e3ca38750ab523cf55ff35bec0cec85a56d79125
2026-01-11T17:09:00.5188124Z ##[endgroup]
2026-01-11T17:09:00.5190271Z ##[group]Determining the checkout info
2026-01-11T17:09:00.5192673Z ##[endgroup]
2026-01-11T17:09:00.5194051Z [command]/usr/bin/git sparse-checkout disable
2026-01-11T17:09:00.5198011Z [command]/usr/bin/git config --local --unset-all extensions.worktreeConfig
2026-01-11T17:09:00.5202594Z ##[group]Checking out the ref
2026-01-11T17:09:00.5205131Z [command]/usr/bin/git checkout --progress --force -B release-debug refs/remotes/origin/release-debug
2026-01-11T17:09:00.5749281Z Switched to a new branch 'release-debug'
2026-01-11T17:09:00.5752824Z branch 'release-debug' set up to track 'origin/release-debug'.
2026-01-11T17:09:00.5761395Z ##[endgroup]
2026-01-11T17:09:00.5763593Z ##[group]Setting up auth for fetching submodules
2026-01-11T17:09:00.5767856Z [command]/usr/bin/git config --global http.https://github.com/.extraheader AUTHORIZATION: basic ***
2026-01-11T17:09:00.5802459Z [command]/usr/bin/git config --global --unset-all url.https://github.com/.insteadOf
2026-01-11T17:09:00.5831762Z [command]/usr/bin/git config --global --add url.https://github.com/.insteadOf git@github.com:
2026-01-11T17:09:00.5857443Z [command]/usr/bin/git config --global --add url.https://github.com/.insteadOf org-615199@github.com:
2026-01-11T17:09:00.5878775Z ##[endgroup]
2026-01-11T17:09:00.5880021Z ##[group]Fetching submodules
2026-01-11T17:09:00.5883260Z [command]/usr/bin/git submodule sync
2026-01-11T17:09:00.6066539Z [command]/usr/bin/git -c protocol.version=2 submodule update --init --force
2026-01-11T17:09:00.6241426Z Submodule 'crates/bridge_harfbuzz/harfbuzz' (https://github.com/harfbuzz/harfbuzz.git) registered for path 'crates/bridge_harfbuzz/harfbuzz'
2026-01-11T17:09:00.6244737Z Submodule 'reference_sources' (https://github.com/tectonic-typesetting/tectonic-staging) registered for path 'reference_sources'
2026-01-11T17:09:00.6266214Z Cloning into '/home/runner/work/tectonic/tectonic/crates/bridge_harfbuzz/harfbuzz'...
2026-01-11T17:09:06.4258371Z Cloning into '/home/runner/work/tectonic/tectonic/reference_sources'...
2026-01-11T17:09:07.5581939Z Submodule path 'crates/bridge_harfbuzz/harfbuzz': checked out '894a1f72ee93a1fd8dc1d9218cb3fd8f048be29a'
2026-01-11T17:09:07.5991488Z Submodule path 'reference_sources': checked out '70dbe0603c4b27f17b3b4dcb25a85e9da3050fe9'
2026-01-11T17:09:07.6003563Z [command]/usr/bin/git submodule foreach git config --local gc.auto 0
2026-01-11T17:09:07.6163393Z Entering 'crates/bridge_harfbuzz/harfbuzz'
2026-01-11T17:09:07.6180506Z Entering 'reference_sources'
2026-01-11T17:09:07.6203081Z ##[endgroup]
2026-01-11T17:09:07.6203823Z ##[group]Persisting credentials for submodules
2026-01-11T17:09:07.6212480Z [command]/usr/bin/git submodule foreach --recursive sh -c "git config --local --name-only --get-regexp 'url\.https\:\/\/github\.com\/\.insteadOf' && git config --local --unset-all 'url.https://github.com/.insteadOf' || :"
2026-01-11T17:09:07.6365387Z Entering 'crates/bridge_harfbuzz/harfbuzz'
2026-01-11T17:09:07.6401882Z Entering 'reference_sources'
2026-01-11T17:09:07.6443273Z [command]/usr/bin/git submodule foreach sh -c "git config --local 'http.https://github.com/.extraheader' 'AUTHORIZATION: basic ***' && git config --local --show-origin --name-only --get-regexp remote.origin.url"
2026-01-11T17:09:07.6600840Z Entering 'crates/bridge_harfbuzz/harfbuzz'
2026-01-11T17:09:07.6629958Z file:/home/runner/work/tectonic/tectonic/.git/modules/crates/bridge_harfbuzz/harfbuzz/config	remote.origin.url
2026-01-11T17:09:07.6631911Z Entering 'reference_sources'
2026-01-11T17:09:07.6660428Z file:/home/runner/work/tectonic/tectonic/.git/modules/reference_sources/config	remote.origin.url
2026-01-11T17:09:07.6684201Z [command]/usr/bin/git submodule foreach git config --local --add 'url.https://github.com/.insteadOf' 'git@github.com:'
2026-01-11T17:09:07.6851254Z Entering 'crates/bridge_harfbuzz/harfbuzz'
2026-01-11T17:09:07.6869211Z Entering 'reference_sources'
2026-01-11T17:09:07.6896858Z [command]/usr/bin/git submodule foreach git config --local --add 'url.https://github.com/.insteadOf' 'org-615199@github.com:'
2026-01-11T17:09:07.7052973Z Entering 'crates/bridge_harfbuzz/harfbuzz'
2026-01-11T17:09:07.7070319Z Entering 'reference_sources'
2026-01-11T17:09:07.7092585Z ##[endgroup]
2026-01-11T17:09:07.7124353Z [command]/usr/bin/git log -1 --format=%H
2026-01-11T17:09:07.7140819Z e3ca38750ab523cf55ff35bec0cec85a56d79125
2026-01-11T17:09:07.7390414Z Prepare all required actions
2026-01-11T17:09:07.7390873Z Getting action download info
2026-01-11T17:09:07.8735871Z Download action repository 'r7kamura/rust-problem-matchers@v1' (SHA:9fe7ca9f6550e5d6358e179d451cc25ea6b54f98)
2026-01-11T17:09:08.1370051Z Download action repository 'actions/download-artifact@v4' (SHA:d3f86a106a0bac45b974a628896c90dbdf5c8093)
2026-01-11T17:09:08.6137994Z ##[group]Run ./.github/actions/build-setup
2026-01-11T17:09:08.6138299Z with:
2026-01-11T17:09:08.6138469Z   toolchain: stable
2026-01-11T17:09:08.6138656Z ##[endgroup]
2026-01-11T17:09:08.6211251Z ##[group]Run r7kamura/rust-problem-matchers@v1
2026-01-11T17:09:08.6211545Z ##[endgroup]
2026-01-11T17:09:08.6494668Z ##[group]Run rustup set profile minimal
2026-01-11T17:09:08.6495071Z [36;1mrustup set profile minimal[0m
2026-01-11T17:09:08.6495882Z [36;1mrustup component remove --toolchain=stable rust-docs || echo "already removed"[0m
2026-01-11T17:09:08.6496454Z [36;1mrustup update --no-self-update stable[0m
2026-01-11T17:09:08.6496765Z [36;1mrustup default stable[0m
2026-01-11T17:09:08.6497025Z [36;1m# Log versions[0m
2026-01-11T17:09:08.6497234Z [36;1mrustup -V[0m
2026-01-11T17:09:08.6497427Z [36;1mrustc -Vv[0m
2026-01-11T17:09:08.6497603Z [36;1mcargo -V[0m
2026-01-11T17:09:08.6520718Z shell: /usr/bin/bash --noprofile --norc -e -o pipefail {0}
2026-01-11T17:09:08.6521058Z ##[endgroup]
2026-01-11T17:09:08.7357647Z info: profile set to 'minimal'
2026-01-11T17:09:08.8419414Z error: toolchain 'stable-x86_64-unknown-linux-gnu' does not contain component 'rust-docs' for target 'x86_64-unknown-linux-gnu'
2026-01-11T17:09:08.8424021Z already removed
2026-01-11T17:09:09.0189985Z info: syncing channel updates for 'stable-x86_64-unknown-linux-gnu'
2026-01-11T17:09:09.3524609Z 
2026-01-11T17:09:09.3617950Z   stable-x86_64-unknown-linux-gnu unchanged - rustc 1.92.0 (ded5c06cf 2025-12-08)
2026-01-11T17:09:09.3618382Z 
2026-01-11T17:09:09.3684539Z info: using existing install for 'stable-x86_64-unknown-linux-gnu'
2026-01-11T17:09:09.4007694Z info: default toolchain set to 'stable-x86_64-unknown-linux-gnu'
2026-01-11T17:09:09.4007997Z 
2026-01-11T17:09:09.4088979Z   stable-x86_64-unknown-linux-gnu unchanged - rustc 1.92.0 (ded5c06cf 2025-12-08)
2026-01-11T17:09:09.4089371Z 
2026-01-11T17:09:09.4137842Z info: This is the version for the rustup toolchain manager, not the rustc compiler.
2026-01-11T17:09:09.4138526Z rustup 1.28.2 (e4f3ad6f8 2025-04-28)
2026-01-11T17:09:09.4548763Z info: The currently active `rustc` version is `rustc 1.92.0 (ded5c06cf 2025-12-08)`
2026-01-11T17:09:09.5001912Z rustc 1.92.0 (ded5c06cf 2025-12-08)
2026-01-11T17:09:09.5002493Z binary: rustc
2026-01-11T17:09:09.5003345Z commit-hash: ded5c06cf21d2b93bffd5d884aa6e96934ee4234
2026-01-11T17:09:09.5003864Z commit-date: 2025-12-08
2026-01-11T17:09:09.5004216Z host: x86_64-unknown-linux-gnu
2026-01-11T17:09:09.5004541Z release: 1.92.0
2026-01-11T17:09:09.5789327Z LLVM version: 21.1.3
2026-01-11T17:09:10.2120401Z cargo 1.92.0 (344c4567c 2025-10-21)
2026-01-11T17:09:10.2168219Z ##[group]Run d="$(mktemp -d /tmp/cranko.XXXXXX)"
2026-01-11T17:09:10.2168556Z [36;1md="$(mktemp -d /tmp/cranko.XXXXXX)"[0m
2026-01-11T17:09:10.2168794Z [36;1mcd "$d"[0m
2026-01-11T17:09:10.2169152Z [36;1mcurl --proto '=https' --tlsv1.2 -sSf https://pkgw.github.io/cranko/fetch-latest.sh | sh[0m
2026-01-11T17:09:10.2169577Z [36;1mecho "PATH=$d:$PATH" >> "$GITHUB_ENV"[0m
2026-01-11T17:09:10.2190221Z shell: /usr/bin/bash --noprofile --norc -e -o pipefail {0}
2026-01-11T17:09:10.2190525Z ##[endgroup]
2026-01-11T17:09:10.2918884Z cranko(fetch-latest.sh): downloading version 0.16.1 for architecture x86_64-unknown-linux-gnu
2026-01-11T17:09:10.3020069Z Warning: Not enforcing strong cipher suites for TLS, this is potentially less secure
2026-01-11T17:09:10.3058060Z Warning: Not enforcing TLS v1.2, this is potentially less secure
2026-01-11T17:09:10.5650613Z ##[group]Run actions/download-artifact@v4
2026-01-11T17:09:10.5650862Z with:
2026-01-11T17:09:10.5651231Z   name: release-bundle
2026-01-11T17:09:10.5651488Z   path: /home/runner/work/tectonic/tectonic/release-bundle
2026-01-11T17:09:10.5651781Z   merge-multiple: false
2026-01-11T17:09:10.5651984Z   repository: jxoesneon/tectonic
2026-01-11T17:09:10.5652205Z   run-id: 20898815607
2026-01-11T17:09:10.5652367Z env:
2026-01-11T17:09:10.5653251Z   PATH: /tmp/cranko.sRiUry:/snap/bin:/home/runner/.local/bin:/opt/pipx_bin:/home/runner/.cargo/bin:/home/runner/.config/composer/vendor/bin:/usr/local/.ghcup/bin:/home/runner/.dotnet/tools:/usr/local/sbin:/usr/local/bin:/usr/sbin:/usr/bin:/sbin:/bin:/usr/games:/usr/local/games:/snap/bin
2026-01-11T17:09:10.5654187Z ##[endgroup]
2026-01-11T17:09:10.7443754Z Downloading single artifact
2026-01-11T17:09:10.8826624Z Preparing to download the following artifacts:
2026-01-11T17:09:10.8827675Z - release-bundle (ID: 5090724222, Size: 16351163, Expected Digest: sha256:668afa1875961a3f14d0f338d69f549544ed2a19bcea8729ff8d359559c8a379)
2026-01-11T17:09:10.9737398Z Redirecting to blob download url: https://productionresultssa1.blob.core.windows.net/actions-results/389321ab-83d7-48d8-955b-ad3ef2fd8a8d/workflow-job-run-9bcf4abe-dc65-506d-9cbc-3619e78934a1/artifacts/03636cf42f712d4a76f865231162112bc38dbe3350ca6a30cd5fbf5d5694c0c7.zip
2026-01-11T17:09:10.9739503Z Starting download of artifact to: /home/runner/work/tectonic/tectonic/release-bundle
2026-01-11T17:09:11.1126679Z (node:2571) [DEP0005] DeprecationWarning: Buffer() is deprecated due to security and usability issues. Please use the Buffer.alloc(), Buffer.allocUnsafe(), or Buffer.from() methods instead.
2026-01-11T17:09:11.1128104Z (Use `node --trace-deprecation ...` to show where the warning was created)
2026-01-11T17:09:11.5162371Z SHA256 digest of downloaded artifact is 668afa1875961a3f14d0f338d69f549544ed2a19bcea8729ff8d359559c8a379
2026-01-11T17:09:11.5163316Z Artifact download completed successfully.
2026-01-11T17:09:11.5204969Z Total of 1 artifact(s) downloaded
2026-01-11T17:09:11.5205469Z Download artifact has finished successfully
2026-01-11T17:09:11.5257778Z ##[group]Run git switch -c release
2026-01-11T17:09:11.5258059Z [36;1mgit switch -c release[0m
2026-01-11T17:09:11.5258400Z [36;1mgit pull --ff-only $GITHUB_WORKSPACE/release-bundle/release.bundle[0m
2026-01-11T17:09:11.5277623Z shell: /usr/bin/bash --noprofile --norc -e -o pipefail {0}
2026-01-11T17:09:11.5277933Z env:
2026-01-11T17:09:11.5278850Z   PATH: /tmp/cranko.sRiUry:/snap/bin:/home/runner/.local/bin:/opt/pipx_bin:/home/runner/.cargo/bin:/home/runner/.config/composer/vendor/bin:/usr/local/.ghcup/bin:/home/runner/.dotnet/tools:/usr/local/sbin:/usr/local/bin:/usr/sbin:/usr/bin:/sbin:/bin:/usr/games:/usr/local/games:/snap/bin
2026-01-11T17:09:11.5279944Z ##[endgroup]
2026-01-11T17:09:11.5334168Z Switched to a new branch 'release'
2026-01-11T17:09:11.5410920Z From /home/runner/work/tectonic/tectonic/release-bundle/release.bundle
2026-01-11T17:09:11.5411648Z  * branch              HEAD       -> FETCH_HEAD
2026-01-11T17:09:11.5461928Z Already up to date.
2026-01-11T17:09:11.5521516Z Prepare all required actions
2026-01-11T17:09:11.5560992Z ##[group]Run ./.github/actions/pkgconfig-deps
2026-01-11T17:09:11.5561250Z with:
2026-01-11T17:09:11.5561421Z   install-all-deps: false
2026-01-11T17:09:11.5561622Z env:
2026-01-11T17:09:11.5562528Z   PATH: /tmp/cranko.sRiUry:/snap/bin:/home/runner/.local/bin:/opt/pipx_bin:/home/runner/.cargo/bin:/home/runner/.config/composer/vendor/bin:/usr/local/.ghcup/bin:/home/runner/.dotnet/tools:/usr/local/sbin:/usr/local/bin:/usr/sbin:/usr/bin:/sbin:/bin:/usr/games:/usr/local/games:/snap/bin
2026-01-11T17:09:11.5563474Z ##[endgroup]
2026-01-11T17:09:11.5578575Z ##[group]Run # libfuse2 here is to support the AppImage build associated with
2026-01-11T17:09:11.5579072Z [36;1m# libfuse2 here is to support the AppImage build associated with[0m
2026-01-11T17:09:11.5579408Z [36;1m# the "primary" Linux artifact.[0m
2026-01-11T17:09:11.5579640Z [36;1mpkgs="[0m
2026-01-11T17:09:11.5579819Z [36;1m  libgraphite2-dev[0m
2026-01-11T17:09:11.5580072Z [36;1m  libfontconfig1-dev[0m
2026-01-11T17:09:11.5580282Z [36;1m  libfuse2[0m
2026-01-11T17:09:11.5580456Z [36;1m  libicu-dev[0m
2026-01-11T17:09:11.5580642Z [36;1m  libssl-dev[0m
2026-01-11T17:09:11.5580819Z [36;1m  openssl[0m
2026-01-11T17:09:11.5580988Z [36;1m  zlib1g-dev"[0m
2026-01-11T17:09:11.5581193Z [36;1mif [[ "false" == "true" ]] ; then[0m
2026-01-11T17:09:11.5581445Z [36;1m  pkgs="$pkgs libharfbuzz-dev"[0m
2026-01-11T17:09:11.5581665Z [36;1mfi[0m
2026-01-11T17:09:11.5581818Z [36;1m[0m
2026-01-11T17:09:11.5581987Z [36;1msudo apt-get update[0m
2026-01-11T17:09:11.5582301Z [36;1msudo env DEBIAN_FRONTEND=noninteractive apt-get install -y $pkgs[0m
2026-01-11T17:09:11.5600614Z shell: /usr/bin/bash --noprofile --norc -e -o pipefail {0}
2026-01-11T17:09:11.5600902Z env:
2026-01-11T17:09:11.5601807Z   PATH: /tmp/cranko.sRiUry:/snap/bin:/home/runner/.local/bin:/opt/pipx_bin:/home/runner/.cargo/bin:/home/runner/.config/composer/vendor/bin:/usr/local/.ghcup/bin:/home/runner/.dotnet/tools:/usr/local/sbin:/usr/local/bin:/usr/sbin:/usr/bin:/sbin:/bin:/usr/games:/usr/local/games:/snap/bin
2026-01-11T17:09:11.5602755Z ##[endgroup]
2026-01-11T17:09:11.8549453Z Hit:1 https://packages.microsoft.com/repos/azure-cli noble InRelease
2026-01-11T17:09:11.8551100Z Get:2 https://packages.microsoft.com/ubuntu/24.04/prod noble InRelease [3600 B]
2026-01-11T17:09:11.8554330Z Get:3 file:/etc/apt/apt-mirrors.txt Mirrorlist [144 B]
2026-01-11T17:09:11.8747399Z Hit:4 http://azure.archive.ubuntu.com/ubuntu noble InRelease
2026-01-11T17:09:11.8761968Z Get:5 http://azure.archive.ubuntu.com/ubuntu noble-updates InRelease [126 kB]
2026-01-11T17:09:11.9187979Z Get:6 http://azure.archive.ubuntu.com/ubuntu noble-backports InRelease [126 kB]
2026-01-11T17:09:11.9354888Z Get:7 http://azure.archive.ubuntu.com/ubuntu noble-security InRelease [126 kB]
2026-01-11T17:09:12.0344747Z Get:8 https://packages.microsoft.com/ubuntu/24.04/prod noble/main arm64 Packages [60.1 kB]
2026-01-11T17:09:12.0725950Z Get:9 https://packages.microsoft.com/ubuntu/24.04/prod noble/main amd64 Packages [78.8 kB]
2026-01-11T17:09:12.0760167Z Get:10 https://packages.microsoft.com/ubuntu/24.04/prod noble/main armhf Packages [11.4 kB]
2026-01-11T17:09:12.1332483Z Get:11 http://azure.archive.ubuntu.com/ubuntu noble-updates/main amd64 Packages [1690 kB]
2026-01-11T17:09:12.1409868Z Get:12 http://azure.archive.ubuntu.com/ubuntu noble-updates/main Translation-en [312 kB]
2026-01-11T17:09:12.1432018Z Get:13 http://azure.archive.ubuntu.com/ubuntu noble-updates/main amd64 Components [175 kB]
2026-01-11T17:09:12.1449241Z Get:14 http://azure.archive.ubuntu.com/ubuntu noble-updates/main amd64 c-n-f Metadata [15.8 kB]
2026-01-11T17:09:12.1466750Z Get:15 http://azure.archive.ubuntu.com/ubuntu noble-updates/universe amd64 Packages [1510 kB]
2026-01-11T17:09:12.1548909Z Get:16 http://azure.archive.ubuntu.com/ubuntu noble-updates/universe Translation-en [307 kB]
2026-01-11T17:09:12.1553881Z Get:17 http://azure.archive.ubuntu.com/ubuntu noble-updates/universe amd64 Components [378 kB]
2026-01-11T17:09:12.1592310Z Get:18 http://azure.archive.ubuntu.com/ubuntu noble-updates/universe amd64 c-n-f Metadata [31.5 kB]
2026-01-11T17:09:12.1599491Z Get:19 http://azure.archive.ubuntu.com/ubuntu noble-updates/restricted amd64 Packages [2418 kB]
2026-01-11T17:09:12.1720679Z Get:20 http://azure.archive.ubuntu.com/ubuntu noble-updates/restricted Translation-en [551 kB]
2026-01-11T17:09:12.2217351Z Get:21 http://azure.archive.ubuntu.com/ubuntu noble-updates/restricted amd64 Components [212 B]
2026-01-11T17:09:12.2277733Z Get:22 http://azure.archive.ubuntu.com/ubuntu noble-updates/multiverse amd64 Components [940 B]
2026-01-11T17:09:12.2278900Z Get:23 http://azure.archive.ubuntu.com/ubuntu noble-backports/main amd64 Components [7304 B]
2026-01-11T17:09:12.2292609Z Get:24 http://azure.archive.ubuntu.com/ubuntu noble-backports/universe amd64 Components [10.5 kB]
2026-01-11T17:09:12.2296040Z Get:25 http://azure.archive.ubuntu.com/ubuntu noble-backports/restricted amd64 Components [212 B]
2026-01-11T17:09:12.2298007Z Get:26 http://azure.archive.ubuntu.com/ubuntu noble-backports/multiverse amd64 Components [212 B]
2026-01-11T17:09:12.2307740Z Get:27 http://azure.archive.ubuntu.com/ubuntu noble-security/main amd64 Packages [1399 kB]
2026-01-11T17:09:12.2387023Z Get:28 http://azure.archive.ubuntu.com/ubuntu noble-security/main Translation-en [227 kB]
2026-01-11T17:09:12.2403766Z Get:29 http://azure.archive.ubuntu.com/ubuntu noble-security/main amd64 Components [21.5 kB]
2026-01-11T17:09:12.2418873Z Get:30 http://azure.archive.ubuntu.com/ubuntu noble-security/main amd64 c-n-f Metadata [9716 B]
2026-01-11T17:09:12.2437095Z Get:31 http://azure.archive.ubuntu.com/ubuntu noble-security/universe amd64 Packages [920 kB]
2026-01-11T17:09:12.2499823Z Get:32 http://azure.archive.ubuntu.com/ubuntu noble-security/universe Translation-en [208 kB]
2026-01-11T17:09:12.2508944Z Get:33 http://azure.archive.ubuntu.com/ubuntu noble-security/universe amd64 Components [71.4 kB]
2026-01-11T17:09:12.2529715Z Get:34 http://azure.archive.ubuntu.com/ubuntu noble-security/universe amd64 c-n-f Metadata [19.6 kB]
2026-01-11T17:09:12.2968480Z Get:35 http://azure.archive.ubuntu.com/ubuntu noble-security/restricted amd64 Packages [2290 kB]
2026-01-11T17:09:12.3061183Z Get:36 http://azure.archive.ubuntu.com/ubuntu noble-security/restricted Translation-en [525 kB]
2026-01-11T17:09:12.3091152Z Get:37 http://azure.archive.ubuntu.com/ubuntu noble-security/restricted amd64 Components [212 B]
2026-01-11T17:09:12.3098986Z Get:38 http://azure.archive.ubuntu.com/ubuntu noble-security/multiverse Translation-en [6188 B]
2026-01-11T17:09:12.3106043Z Get:39 http://azure.archive.ubuntu.com/ubuntu noble-security/multiverse amd64 Components [212 B]
2026-01-11T17:09:24.8761281Z Fetched 13.6 MB in 2s (7780 kB/s)
2026-01-11T17:09:25.6322643Z Reading package lists...
2026-01-11T17:09:25.6633573Z Reading package lists...
2026-01-11T17:09:25.8221562Z Building dependency tree...
2026-01-11T17:09:25.8226416Z Reading state information...
2026-01-11T17:09:25.9786100Z libicu-dev is already the newest version (74.2-1ubuntu3.1).
2026-01-11T17:09:25.9786705Z libicu-dev set to manually installed.
2026-01-11T17:09:25.9787271Z libssl-dev is already the newest version (3.0.13-0ubuntu3.6).
2026-01-11T17:09:25.9787938Z openssl is already the newest version (3.0.13-0ubuntu3.6).
2026-01-11T17:09:25.9788621Z zlib1g-dev is already the newest version (1:1.3.dfsg-3.1ubuntu2.1).
2026-01-11T17:09:25.9789291Z The following additional packages will be installed:
2026-01-11T17:09:25.9789796Z   bsdextrautils bsdutils bzip2-doc eject fdisk libblkid1 libbrotli-dev
2026-01-11T17:09:25.9790272Z   libbz2-dev libfdisk1 libfontconfig-dev libfreetype-dev libmount1 libpng-dev
2026-01-11T17:09:25.9793629Z   libpng-tools libpng16-16t64 libsmartcols1 libuuid1 mount util-linux uuid-dev
2026-01-11T17:09:25.9794199Z   uuid-runtime
2026-01-11T17:09:25.9800432Z Suggested packages:
2026-01-11T17:09:25.9800921Z   freetype2-doc libgraphite2-utils nfs-common util-linux-extra
2026-01-11T17:09:25.9801431Z   util-linux-locales
2026-01-11T17:09:26.1944118Z The following NEW packages will be installed:
2026-01-11T17:09:26.1946769Z   bzip2-doc libbrotli-dev libbz2-dev libfontconfig-dev libfontconfig1-dev
2026-01-11T17:09:26.1956239Z   libfreetype-dev libfuse2t64 libgraphite2-dev libpng-dev libpng-tools
2026-01-11T17:09:26.1956827Z   uuid-dev
2026-01-11T17:09:26.1960154Z The following packages will be upgraded:
2026-01-11T17:09:26.1962819Z   bsdextrautils bsdutils eject fdisk libblkid1 libfdisk1 libmount1
2026-01-11T17:09:26.1967438Z   libpng16-16t64 libsmartcols1 libuuid1 mount util-linux uuid-runtime
2026-01-11T17:09:26.2118054Z 13 upgraded, 11 newly installed, 0 to remove and 61 not upgraded.
2026-01-11T17:09:26.2118565Z Need to get 4342 kB of archives.
2026-01-11T17:09:26.2119104Z After this operation, 5856 kB of additional disk space will be used.
2026-01-11T17:09:26.2119753Z Get:1 file:/etc/apt/apt-mirrors.txt Mirrorlist [144 B]
2026-01-11T17:09:26.3414766Z Get:2 http://azure.archive.ubuntu.com/ubuntu noble-updates/main amd64 bsdutils amd64 1:2.39.3-9ubuntu6.4 [95.6 kB]
2026-01-11T17:09:26.3653226Z Get:3 http://azure.archive.ubuntu.com/ubuntu noble-updates/main amd64 util-linux amd64 2.39.3-9ubuntu6.4 [1128 kB]
2026-01-11T17:09:26.4016286Z Get:4 http://azure.archive.ubuntu.com/ubuntu noble-updates/main amd64 mount amd64 2.39.3-9ubuntu6.4 [118 kB]
2026-01-11T17:09:26.4259502Z Get:5 http://azure.archive.ubuntu.com/ubuntu noble-updates/main amd64 libsmartcols1 amd64 2.39.3-9ubuntu6.4 [65.6 kB]
2026-01-11T17:09:26.4482455Z Get:6 http://azure.archive.ubuntu.com/ubuntu noble-updates/main amd64 libuuid1 amd64 2.39.3-9ubuntu6.4 [35.9 kB]
2026-01-11T17:09:26.4706365Z Get:7 http://azure.archive.ubuntu.com/ubuntu noble-updates/main amd64 uuid-runtime amd64 2.39.3-9ubuntu6.4 [33.1 kB]
2026-01-11T17:09:26.4932244Z Get:8 http://azure.archive.ubuntu.com/ubuntu noble-updates/main amd64 libblkid1 amd64 2.39.3-9ubuntu6.4 [123 kB]
2026-01-11T17:09:26.5158403Z Get:9 http://azure.archive.ubuntu.com/ubuntu noble-updates/main amd64 libmount1 amd64 2.39.3-9ubuntu6.4 [134 kB]
2026-01-11T17:09:26.5399924Z Get:10 http://azure.archive.ubuntu.com/ubuntu noble-updates/main amd64 eject amd64 2.39.3-9ubuntu6.4 [26.3 kB]
2026-01-11T17:09:26.5630905Z Get:11 http://azure.archive.ubuntu.com/ubuntu noble-updates/main amd64 libfdisk1 amd64 2.39.3-9ubuntu6.4 [146 kB]
2026-01-11T17:09:26.5861697Z Get:12 http://azure.archive.ubuntu.com/ubuntu noble-updates/main amd64 bsdextrautils amd64 2.39.3-9ubuntu6.4 [73.7 kB]
2026-01-11T17:09:26.6096284Z Get:13 http://azure.archive.ubuntu.com/ubuntu noble-updates/main amd64 libpng16-16t64 amd64 1.6.43-5ubuntu0.1 [187 kB]
2026-01-11T17:09:26.6333578Z Get:14 http://azure.archive.ubuntu.com/ubuntu noble-updates/main amd64 bzip2-doc all 1.0.8-5.1build0.1 [499 kB]
2026-01-11T17:09:26.6617081Z Get:15 http://azure.archive.ubuntu.com/ubuntu noble-updates/main amd64 fdisk amd64 2.39.3-9ubuntu6.4 [122 kB]
2026-01-11T17:09:26.6846897Z Get:16 http://azure.archive.ubuntu.com/ubuntu noble/main amd64 libbrotli-dev amd64 1.1.0-2build2 [353 kB]
2026-01-11T17:09:26.7099883Z Get:17 http://azure.archive.ubuntu.com/ubuntu noble-updates/main amd64 libbz2-dev amd64 1.0.8-5.1build0.1 [33.6 kB]
2026-01-11T17:09:26.7324532Z Get:18 http://azure.archive.ubuntu.com/ubuntu noble-updates/main amd64 libpng-dev amd64 1.6.43-5ubuntu0.1 [264 kB]
2026-01-11T17:09:26.7571423Z Get:19 http://azure.archive.ubuntu.com/ubuntu noble/main amd64 libfreetype-dev amd64 2.13.2+dfsg-1build3 [575 kB]
2026-01-11T17:09:26.8595784Z Get:20 http://azure.archive.ubuntu.com/ubuntu noble-updates/main amd64 uuid-dev amd64 2.39.3-9ubuntu6.4 [33.5 kB]
2026-01-11T17:09:26.8818460Z Get:21 http://azure.archive.ubuntu.com/ubuntu noble/main amd64 libfontconfig-dev amd64 2.15.0-1.1ubuntu2 [161 kB]
2026-01-11T17:09:26.9134864Z Get:22 http://azure.archive.ubuntu.com/ubuntu noble/main amd64 libfontconfig1-dev amd64 2.15.0-1.1ubuntu2 [1840 B]
2026-01-11T17:09:26.9359616Z Get:23 http://azure.archive.ubuntu.com/ubuntu noble/universe amd64 libfuse2t64 amd64 2.9.9-8.1build1 [89.9 kB]
2026-01-11T17:09:26.9589356Z Get:24 http://azure.archive.ubuntu.com/ubuntu noble/main amd64 libgraphite2-dev amd64 1.3.14-2build1 [14.7 kB]
2026-01-11T17:09:26.9813592Z Get:25 http://azure.archive.ubuntu.com/ubuntu noble-updates/main amd64 libpng-tools amd64 1.6.43-5ubuntu0.1 [28.5 kB]
2026-01-11T17:09:27.2359822Z Fetched 4342 kB in 1s (5579 kB/s)
2026-01-11T17:09:27.4371691Z (Reading database ... 
2026-01-11T17:09:27.4372087Z (Reading database ... 5%
2026-01-11T17:09:27.4372321Z (Reading database ... 10%
2026-01-11T17:09:27.4372538Z (Reading database ... 15%
2026-01-11T17:09:27.4372752Z (Reading database ... 20%
2026-01-11T17:09:27.4372966Z (Reading database ... 25%
2026-01-11T17:09:27.4373168Z (Reading database ... 30%
2026-01-11T17:09:27.4373411Z (Reading database ... 35%
2026-01-11T17:09:27.4373620Z (Reading database ... 40%
2026-01-11T17:09:27.4373814Z (Reading database ... 45%
2026-01-11T17:09:27.4374015Z (Reading database ... 50%
2026-01-11T17:09:27.5888879Z (Reading database ... 55%
2026-01-11T17:09:28.2115252Z (Reading database ... 60%
2026-01-11T17:09:28.3860687Z (Reading database ... 65%
2026-01-11T17:09:28.4687509Z (Reading database ... 70%
2026-01-11T17:09:28.5932349Z (Reading database ... 75%
2026-01-11T17:09:29.5976423Z (Reading database ... 80%
2026-01-11T17:09:30.3849000Z (Reading database ... 85%
2026-01-11T17:09:31.6780561Z (Reading database ... 90%
2026-01-11T17:09:32.6488041Z (Reading database ... 95%
2026-01-11T17:09:32.6488493Z (Reading database ... 100%
2026-01-11T17:09:32.6489082Z (Reading database ... 217518 files and directories currently installed.)
2026-01-11T17:09:32.6534216Z Preparing to unpack .../bsdutils_1%3a2.39.3-9ubuntu6.4_amd64.deb ...
2026-01-11T17:09:32.6570822Z Unpacking bsdutils (1:2.39.3-9ubuntu6.4) over (1:2.39.3-9ubuntu6.3) ...
2026-01-11T17:09:32.8410820Z Setting up bsdutils (1:2.39.3-9ubuntu6.4) ...
2026-01-11T17:09:32.8665880Z (Reading database ... 
2026-01-11T17:09:32.8666303Z (Reading database ... 5%
2026-01-11T17:09:32.8666671Z (Reading database ... 10%
2026-01-11T17:09:32.8666996Z (Reading database ... 15%
2026-01-11T17:09:32.8667207Z (Reading database ... 20%
2026-01-11T17:09:32.8667416Z (Reading database ... 25%
2026-01-11T17:09:32.8667627Z (Reading database ... 30%
2026-01-11T17:09:32.8667826Z (Reading database ... 35%
2026-01-11T17:09:32.8668032Z (Reading database ... 40%
2026-01-11T17:09:32.8668237Z (Reading database ... 45%
2026-01-11T17:09:32.8668430Z (Reading database ... 50%
2026-01-11T17:09:32.8679957Z (Reading database ... 55%
2026-01-11T17:09:32.8768349Z (Reading database ... 60%
2026-01-11T17:09:32.8786023Z (Reading database ... 65%
2026-01-11T17:09:32.8797684Z (Reading database ... 70%
2026-01-11T17:09:32.8816023Z (Reading database ... 75%
2026-01-11T17:09:32.8841837Z (Reading database ... 80%
2026-01-11T17:09:32.8972760Z (Reading database ... 85%
2026-01-11T17:09:32.9198907Z (Reading database ... 90%
2026-01-11T17:09:32.9267021Z (Reading database ... 95%
2026-01-11T17:09:32.9267342Z (Reading database ... 100%
2026-01-11T17:09:32.9267775Z (Reading database ... 217518 files and directories currently installed.)
2026-01-11T17:09:32.9309809Z Preparing to unpack .../util-linux_2.39.3-9ubuntu6.4_amd64.deb ...
2026-01-11T17:09:32.9418676Z Unpacking util-linux (2.39.3-9ubuntu6.4) over (2.39.3-9ubuntu6.3) ...
2026-01-11T17:09:33.3328694Z Setting up util-linux (2.39.3-9ubuntu6.4) ...
2026-01-11T17:09:34.0312580Z fstrim.service is a disabled or a static unit not running, not starting it.
2026-01-11T17:09:34.0573642Z (Reading database ... 
2026-01-11T17:09:34.0573920Z (Reading database ... 5%
2026-01-11T17:09:34.0574147Z (Reading database ... 10%
2026-01-11T17:09:34.0574372Z (Reading database ... 15%
2026-01-11T17:09:34.0574594Z (Reading database ... 20%
2026-01-11T17:09:34.0574992Z (Reading database ... 25%
2026-01-11T17:09:34.0575199Z (Reading database ... 30%
2026-01-11T17:09:34.0575409Z (Reading database ... 35%
2026-01-11T17:09:34.0575745Z (Reading database ... 40%
2026-01-11T17:09:34.0575955Z (Reading database ... 45%
2026-01-11T17:09:34.0576271Z (Reading database ... 50%
2026-01-11T17:09:34.0588177Z (Reading database ... 55%
2026-01-11T17:09:34.0681022Z (Reading database ... 60%
2026-01-11T17:09:34.0700252Z (Reading database ... 65%
2026-01-11T17:09:34.0712309Z (Reading database ... 70%
2026-01-11T17:09:34.0732253Z (Reading database ... 75%
2026-01-11T17:09:34.0759211Z (Reading database ... 80%
2026-01-11T17:09:34.0897500Z (Reading database ... 85%
2026-01-11T17:09:34.1126668Z (Reading database ... 90%
2026-01-11T17:09:34.1197792Z (Reading database ... 95%
2026-01-11T17:09:34.1198036Z (Reading database ... 100%
2026-01-11T17:09:34.1198389Z (Reading database ... 217518 files and directories currently installed.)
2026-01-11T17:09:34.1241096Z Preparing to unpack .../mount_2.39.3-9ubuntu6.4_amd64.deb ...
2026-01-11T17:09:34.1266632Z Unpacking mount (2.39.3-9ubuntu6.4) over (2.39.3-9ubuntu6.3) ...
2026-01-11T17:09:34.1693281Z Preparing to unpack .../libsmartcols1_2.39.3-9ubuntu6.4_amd64.deb ...
2026-01-11T17:09:34.1723077Z Unpacking libsmartcols1:amd64 (2.39.3-9ubuntu6.4) over (2.39.3-9ubuntu6.3) ...
2026-01-11T17:09:34.2079330Z Setting up libsmartcols1:amd64 (2.39.3-9ubuntu6.4) ...
2026-01-11T17:09:34.2338144Z (Reading database ... 
2026-01-11T17:09:34.2338420Z (Reading database ... 5%
2026-01-11T17:09:34.2338676Z (Reading database ... 10%
2026-01-11T17:09:34.2338896Z (Reading database ... 15%
2026-01-11T17:09:34.2339102Z (Reading database ... 20%
2026-01-11T17:09:34.2339311Z (Reading database ... 25%
2026-01-11T17:09:34.2339522Z (Reading database ... 30%
2026-01-11T17:09:34.2339726Z (Reading database ... 35%
2026-01-11T17:09:34.2339928Z (Reading database ... 40%
2026-01-11T17:09:34.2340136Z (Reading database ... 45%
2026-01-11T17:09:34.2340339Z (Reading database ... 50%
2026-01-11T17:09:34.2351897Z (Reading database ... 55%
2026-01-11T17:09:34.2439395Z (Reading database ... 60%
2026-01-11T17:09:34.2457176Z (Reading database ... 65%
2026-01-11T17:09:34.2468772Z (Reading database ... 70%
2026-01-11T17:09:34.2487493Z (Reading database ... 75%
2026-01-11T17:09:34.2512236Z (Reading database ... 80%
2026-01-11T17:09:34.2643446Z (Reading database ... 85%
2026-01-11T17:09:34.2877799Z (Reading database ... 90%
2026-01-11T17:09:34.2950764Z (Reading database ... 95%
2026-01-11T17:09:34.2951134Z (Reading database ... 100%
2026-01-11T17:09:34.2951558Z (Reading database ... 217518 files and directories currently installed.)
2026-01-11T17:09:34.2994876Z Preparing to unpack .../libuuid1_2.39.3-9ubuntu6.4_amd64.deb ...
2026-01-11T17:09:34.3075431Z Unpacking libuuid1:amd64 (2.39.3-9ubuntu6.4) over (2.39.3-9ubuntu6.3) ...
2026-01-11T17:09:34.3391240Z Setting up libuuid1:amd64 (2.39.3-9ubuntu6.4) ...
2026-01-11T17:09:34.3656278Z (Reading database ... 
2026-01-11T17:09:34.3656587Z (Reading database ... 5%
2026-01-11T17:09:34.3656832Z (Reading database ... 10%
2026-01-11T17:09:34.3657050Z (Reading database ... 15%
2026-01-11T17:09:34.3657255Z (Reading database ... 20%
2026-01-11T17:09:34.3657450Z (Reading database ... 25%
2026-01-11T17:09:34.3657655Z (Reading database ... 30%
2026-01-11T17:09:34.3657870Z (Reading database ... 35%
2026-01-11T17:09:34.3658072Z (Reading database ... 40%
2026-01-11T17:09:34.3658273Z (Reading database ... 45%
2026-01-11T17:09:34.3658474Z (Reading database ... 50%
2026-01-11T17:09:34.3670039Z (Reading database ... 55%
2026-01-11T17:09:34.3757532Z (Reading database ... 60%
2026-01-11T17:09:34.3775339Z (Reading database ... 65%
2026-01-11T17:09:34.3786891Z (Reading database ... 70%
2026-01-11T17:09:34.3805766Z (Reading database ... 75%
2026-01-11T17:09:34.3831136Z (Reading database ... 80%
2026-01-11T17:09:34.3963308Z (Reading database ... 85%
2026-01-11T17:09:34.4191385Z (Reading database ... 90%
2026-01-11T17:09:34.4263562Z (Reading database ... 95%
2026-01-11T17:09:34.4264372Z (Reading database ... 100%
2026-01-11T17:09:34.4264951Z (Reading database ... 217518 files and directories currently installed.)
2026-01-11T17:09:34.4306917Z Preparing to unpack .../uuid-runtime_2.39.3-9ubuntu6.4_amd64.deb ...
2026-01-11T17:09:34.4372255Z Unpacking uuid-runtime (2.39.3-9ubuntu6.4) over (2.39.3-9ubuntu6.3) ...
2026-01-11T17:09:34.4763444Z Preparing to unpack .../libblkid1_2.39.3-9ubuntu6.4_amd64.deb ...
2026-01-11T17:09:34.4839215Z Unpacking libblkid1:amd64 (2.39.3-9ubuntu6.4) over (2.39.3-9ubuntu6.3) ...
2026-01-11T17:09:34.5157011Z Setting up libblkid1:amd64 (2.39.3-9ubuntu6.4) ...
2026-01-11T17:09:34.5415133Z (Reading database ... 
2026-01-11T17:09:34.5415665Z (Reading database ... 5%
2026-01-11T17:09:34.5416042Z (Reading database ... 10%
2026-01-11T17:09:34.5416392Z (Reading database ... 15%
2026-01-11T17:09:34.5416739Z (Reading database ... 20%
2026-01-11T17:09:34.5417087Z (Reading database ... 25%
2026-01-11T17:09:34.5417435Z (Reading database ... 30%
2026-01-11T17:09:34.5417788Z (Reading database ... 35%
2026-01-11T17:09:34.5418158Z (Reading database ... 40%
2026-01-11T17:09:34.5418508Z (Reading database ... 45%
2026-01-11T17:09:34.5418850Z (Reading database ... 50%
2026-01-11T17:09:34.5430225Z (Reading database ... 55%
2026-01-11T17:09:34.5519854Z (Reading database ... 60%
2026-01-11T17:09:34.5539148Z (Reading database ... 65%
2026-01-11T17:09:34.5551713Z (Reading database ... 70%
2026-01-11T17:09:34.5570917Z (Reading database ... 75%
2026-01-11T17:09:34.5596734Z (Reading database ... 80%
2026-01-11T17:09:34.5728558Z (Reading database ... 85%
2026-01-11T17:09:34.5947342Z (Reading database ... 90%
2026-01-11T17:09:34.6017744Z (Reading database ... 95%
2026-01-11T17:09:34.6018189Z (Reading database ... 100%
2026-01-11T17:09:34.6018764Z (Reading database ... 217518 files and directories currently installed.)
2026-01-11T17:09:34.6060235Z Preparing to unpack .../libmount1_2.39.3-9ubuntu6.4_amd64.deb ...
2026-01-11T17:09:34.6132899Z Unpacking libmount1:amd64 (2.39.3-9ubuntu6.4) over (2.39.3-9ubuntu6.3) ...
2026-01-11T17:09:34.6446180Z Setting up libmount1:amd64 (2.39.3-9ubuntu6.4) ...
2026-01-11T17:09:34.6699501Z (Reading database ... 
2026-01-11T17:09:34.6699886Z (Reading database ... 5%
2026-01-11T17:09:34.6700256Z (Reading database ... 10%
2026-01-11T17:09:34.6700625Z (Reading database ... 15%
2026-01-11T17:09:34.6701009Z (Reading database ... 20%
2026-01-11T17:09:34.6701356Z (Reading database ... 25%
2026-01-11T17:09:34.6701711Z (Reading database ... 30%
2026-01-11T17:09:34.6702063Z (Reading database ... 35%
2026-01-11T17:09:34.6702399Z (Reading database ... 40%
2026-01-11T17:09:34.6702755Z (Reading database ... 45%
2026-01-11T17:09:34.6703105Z (Reading database ... 50%
2026-01-11T17:09:34.6715465Z (Reading database ... 55%
2026-01-11T17:09:34.6800695Z (Reading database ... 60%
2026-01-11T17:09:34.6818422Z (Reading database ... 65%
2026-01-11T17:09:34.6829937Z (Reading database ... 70%
2026-01-11T17:09:34.6849096Z (Reading database ... 75%
2026-01-11T17:09:34.6873671Z (Reading database ... 80%
2026-01-11T17:09:34.7002910Z (Reading database ... 85%
2026-01-11T17:09:34.7219645Z (Reading database ... 90%
2026-01-11T17:09:34.7288904Z (Reading database ... 95%
2026-01-11T17:09:34.7289347Z (Reading database ... 100%
2026-01-11T17:09:34.7289970Z (Reading database ... 217518 files and directories currently installed.)
2026-01-11T17:09:34.7331712Z Preparing to unpack .../00-eject_2.39.3-9ubuntu6.4_amd64.deb ...
2026-01-11T17:09:34.7356005Z Unpacking eject (2.39.3-9ubuntu6.4) over (2.39.3-9ubuntu6.3) ...
2026-01-11T17:09:34.7709187Z Preparing to unpack .../01-libfdisk1_2.39.3-9ubuntu6.4_amd64.deb ...
2026-01-11T17:09:34.7733446Z Unpacking libfdisk1:amd64 (2.39.3-9ubuntu6.4) over (2.39.3-9ubuntu6.3) ...
2026-01-11T17:09:34.8026666Z Preparing to unpack .../02-bsdextrautils_2.39.3-9ubuntu6.4_amd64.deb ...
2026-01-11T17:09:34.8067557Z Unpacking bsdextrautils (2.39.3-9ubuntu6.4) over (2.39.3-9ubuntu6.3) ...
2026-01-11T17:09:34.8554017Z Preparing to unpack .../03-libpng16-16t64_1.6.43-5ubuntu0.1_amd64.deb ...
2026-01-11T17:09:34.8866374Z Unpacking libpng16-16t64:amd64 (1.6.43-5ubuntu0.1) over (1.6.43-5build1) ...
2026-01-11T17:09:34.9101849Z Selecting previously unselected package bzip2-doc.
2026-01-11T17:09:34.9218614Z Preparing to unpack .../04-bzip2-doc_1.0.8-5.1build0.1_all.deb ...
2026-01-11T17:09:34.9229391Z Unpacking bzip2-doc (1.0.8-5.1build0.1) ...
2026-01-11T17:09:34.9515275Z Preparing to unpack .../05-fdisk_2.39.3-9ubuntu6.4_amd64.deb ...
2026-01-11T17:09:34.9536909Z Unpacking fdisk (2.39.3-9ubuntu6.4) over (2.39.3-9ubuntu6.3) ...
2026-01-11T17:09:34.9766571Z Selecting previously unselected package libbrotli-dev:amd64.
2026-01-11T17:09:34.9880987Z Preparing to unpack .../06-libbrotli-dev_1.1.0-2build2_amd64.deb ...
2026-01-11T17:09:34.9891916Z Unpacking libbrotli-dev:amd64 (1.1.0-2build2) ...
2026-01-11T17:09:35.0487918Z Selecting previously unselected package libbz2-dev:amd64.
2026-01-11T17:09:35.0601554Z Preparing to unpack .../07-libbz2-dev_1.0.8-5.1build0.1_amd64.deb ...
2026-01-11T17:09:35.0610569Z Unpacking libbz2-dev:amd64 (1.0.8-5.1build0.1) ...
2026-01-11T17:09:35.0754058Z Selecting previously unselected package libpng-dev:amd64.
2026-01-11T17:09:35.0867817Z Preparing to unpack .../08-libpng-dev_1.6.43-5ubuntu0.1_amd64.deb ...
2026-01-11T17:09:35.0876147Z Unpacking libpng-dev:amd64 (1.6.43-5ubuntu0.1) ...
2026-01-11T17:09:35.1131442Z Selecting previously unselected package libfreetype-dev:amd64.
2026-01-11T17:09:35.1243991Z Preparing to unpack .../09-libfreetype-dev_2.13.2+dfsg-1build3_amd64.deb ...
2026-01-11T17:09:35.1252043Z Unpacking libfreetype-dev:amd64 (2.13.2+dfsg-1build3) ...
2026-01-11T17:09:35.1483799Z Selecting previously unselected package uuid-dev:amd64.
2026-01-11T17:09:35.1596853Z Preparing to unpack .../10-uuid-dev_2.39.3-9ubuntu6.4_amd64.deb ...
2026-01-11T17:09:35.1605601Z Unpacking uuid-dev:amd64 (2.39.3-9ubuntu6.4) ...
2026-01-11T17:09:35.1833551Z Selecting previously unselected package libfontconfig-dev:amd64.
2026-01-11T17:09:35.1946325Z Preparing to unpack .../11-libfontconfig-dev_2.15.0-1.1ubuntu2_amd64.deb ...
2026-01-11T17:09:35.1953543Z Unpacking libfontconfig-dev:amd64 (2.15.0-1.1ubuntu2) ...
2026-01-11T17:09:35.2182190Z Selecting previously unselected package libfontconfig1-dev:amd64.
2026-01-11T17:09:35.2297510Z Preparing to unpack .../12-libfontconfig1-dev_2.15.0-1.1ubuntu2_amd64.deb ...
2026-01-11T17:09:35.2307172Z Unpacking libfontconfig1-dev:amd64 (2.15.0-1.1ubuntu2) ...
2026-01-11T17:09:35.2457934Z Selecting previously unselected package libfuse2t64:amd64.
2026-01-11T17:09:35.2572600Z Preparing to unpack .../13-libfuse2t64_2.9.9-8.1build1_amd64.deb ...
2026-01-11T17:09:35.2583952Z Unpacking libfuse2t64:amd64 (2.9.9-8.1build1) ...
2026-01-11T17:09:35.2747409Z Selecting previously unselected package libgraphite2-dev:amd64.
2026-01-11T17:09:35.2863282Z Preparing to unpack .../14-libgraphite2-dev_1.3.14-2build1_amd64.deb ...
2026-01-11T17:09:35.2871694Z Unpacking libgraphite2-dev:amd64 (1.3.14-2build1) ...
2026-01-11T17:09:35.3018474Z Selecting previously unselected package libpng-tools.
2026-01-11T17:09:35.3134101Z Preparing to unpack .../15-libpng-tools_1.6.43-5ubuntu0.1_amd64.deb ...
2026-01-11T17:09:35.3142109Z Unpacking libpng-tools (1.6.43-5ubuntu0.1) ...
2026-01-11T17:09:35.3446004Z Setting up bzip2-doc (1.0.8-5.1build0.1) ...
2026-01-11T17:09:35.3469660Z Setting up bsdextrautils (2.39.3-9ubuntu6.4) ...
2026-01-11T17:09:35.3487455Z Setting up eject (2.39.3-9ubuntu6.4) ...
2026-01-11T17:09:35.3506027Z Setting up libgraphite2-dev:amd64 (1.3.14-2build1) ...
2026-01-11T17:09:35.3525161Z Setting up uuid-dev:amd64 (2.39.3-9ubuntu6.4) ...
2026-01-11T17:09:35.3544225Z Setting up libpng16-16t64:amd64 (1.6.43-5ubuntu0.1) ...
2026-01-11T17:09:35.3563010Z Setting up libfdisk1:amd64 (2.39.3-9ubuntu6.4) ...
2026-01-11T17:09:35.3581677Z Setting up mount (2.39.3-9ubuntu6.4) ...
2026-01-11T17:09:35.3600185Z Setting up uuid-runtime (2.39.3-9ubuntu6.4) ...
2026-01-11T17:09:35.9890369Z uuidd.service is a disabled or a static unit not running, not starting it.
2026-01-11T17:09:36.0022015Z Setting up libfuse2t64:amd64 (2.9.9-8.1build1) ...
2026-01-11T17:09:36.0041949Z Setting up libbrotli-dev:amd64 (1.1.0-2build2) ...
2026-01-11T17:09:36.0063108Z Setting up libbz2-dev:amd64 (1.0.8-5.1build0.1) ...
2026-01-11T17:09:36.0083088Z Setting up libpng-tools (1.6.43-5ubuntu0.1) ...
2026-01-11T17:09:36.0101427Z Setting up libpng-dev:amd64 (1.6.43-5ubuntu0.1) ...
2026-01-11T17:09:36.0120577Z Setting up fdisk (2.39.3-9ubuntu6.4) ...
2026-01-11T17:09:36.0138994Z Setting up libfreetype-dev:amd64 (2.13.2+dfsg-1build3) ...
2026-01-11T17:09:36.0158290Z Setting up libfontconfig-dev:amd64 (2.15.0-1.1ubuntu2) ...
2026-01-11T17:09:36.0176762Z Setting up libfontconfig1-dev:amd64 (2.15.0-1.1ubuntu2) ...
2026-01-11T17:09:36.0203077Z Processing triggers for man-db (2.12.0-4build2) ...
2026-01-11T17:09:36.0276434Z Not building database; man-db/auto-update is not 'true'.
2026-01-11T17:09:36.0290421Z Processing triggers for install-info (7.1-3build2) ...
2026-01-11T17:09:36.4180872Z Processing triggers for libc-bin (2.39-0ubuntu8.6) ...
2026-01-11T17:09:41.4703968Z 
2026-01-11T17:09:41.4704374Z Running kernel seems to be up-to-date.
2026-01-11T17:09:41.4704632Z 
2026-01-11T17:09:41.4704728Z Restarting services...
2026-01-11T17:09:41.5261529Z  /etc/needrestart/restart.d/systemd-manager
2026-01-11T17:09:41.7598808Z  systemctl restart packagekit.service php8.3-fpm.service polkit.service rsyslog.service systemd-journald.service systemd-networkd.service systemd-resolved.service systemd-udevd.service udisks2.service
2026-01-11T17:09:41.9387391Z 
2026-01-11T17:09:41.9388189Z Service restarts being deferred:
2026-01-11T17:09:41.9389123Z  systemctl restart ModemManager.service
2026-01-11T17:09:41.9391094Z  systemctl restart getty@tty1.service
2026-01-11T17:09:41.9391573Z  systemctl restart serial-getty@ttyS0.service
2026-01-11T17:09:41.9392038Z  systemctl restart systemd-logind.service
2026-01-11T17:09:41.9392350Z 
2026-01-11T17:09:41.9392502Z No containers need to be restarted.
2026-01-11T17:09:41.9392771Z 
2026-01-11T17:09:41.9396333Z User sessions running outdated binaries:
2026-01-11T17:09:41.9396862Z  runner @ user manager service: systemd[980]
2026-01-11T17:09:41.9474689Z 
2026-01-11T17:09:41.9478112Z No VM guests are running outdated hypervisor (qemu) binaries on this host.
2026-01-11T17:09:42.7833042Z ##[group]Run echo "TECTONIC_DEP_BACKEND=pkg-config" >> "$GITHUB_ENV"
2026-01-11T17:09:42.7833499Z [36;1mecho "TECTONIC_DEP_BACKEND=pkg-config" >> "$GITHUB_ENV"[0m
2026-01-11T17:09:42.7833912Z [36;1mecho "TECTONIC_PKGCONFIG_FORCE_SEMI_STATIC=true" >> "$GITHUB_ENV"[0m
2026-01-11T17:09:42.7852441Z shell: /usr/bin/bash --noprofile --norc -e -o pipefail {0}
2026-01-11T17:09:42.7852739Z env:
2026-01-11T17:09:42.7853647Z   PATH: /tmp/cranko.sRiUry:/snap/bin:/home/runner/.local/bin:/opt/pipx_bin:/home/runner/.cargo/bin:/home/runner/.config/composer/vendor/bin:/usr/local/.ghcup/bin:/home/runner/.dotnet/tools:/usr/local/sbin:/usr/local/bin:/usr/sbin:/usr/bin:/sbin:/bin:/usr/games:/usr/local/games:/snap/bin
2026-01-11T17:09:42.7854595Z ##[endgroup]
2026-01-11T17:09:42.7912965Z ##[group]Run artifact_dir="appimage"
2026-01-11T17:09:42.7913253Z [36;1martifact_dir="appimage"[0m
2026-01-11T17:09:42.7913496Z [36;1mmkdir -p "$artifact_dir"[0m
2026-01-11T17:09:42.7913712Z [36;1m[0m
2026-01-11T17:09:42.7913903Z [36;1mif [[ $SOURCE_BRANCH == master ]] ; then[0m
2026-01-11T17:09:42.7914219Z [36;1m  export TECTONIC_APPIMAGE_TAG=continuous[0m
2026-01-11T17:09:42.7914766Z [36;1m  export UPDATE_INFORMATION="gh-releases-zsync|tectonic-typesetting|tectonic|continuous|tectonic-*.AppImage.zsync"[0m
2026-01-11T17:09:42.7915258Z [36;1mfi[0m
2026-01-11T17:09:42.7915419Z [36;1m[0m
2026-01-11T17:09:42.7915805Z [36;1m./dist/appimage/build.sh[0m
2026-01-11T17:09:42.7916102Z [36;1mcp dist/appimage/tectonic-*.AppImage* "$artifact_dir"[0m
2026-01-11T17:09:42.7931747Z shell: /usr/bin/bash --noprofile --norc -e -o pipefail {0}
2026-01-11T17:09:42.7932047Z env:
2026-01-11T17:09:42.7932979Z   PATH: /tmp/cranko.sRiUry:/snap/bin:/home/runner/.local/bin:/opt/pipx_bin:/home/runner/.cargo/bin:/home/runner/.config/composer/vendor/bin:/usr/local/.ghcup/bin:/home/runner/.dotnet/tools:/usr/local/sbin:/usr/local/bin:/usr/sbin:/usr/bin:/sbin:/bin:/usr/games:/usr/local/games:/snap/bin
2026-01-11T17:09:42.7934083Z   TECTONIC_DEP_BACKEND: pkg-config
2026-01-11T17:09:42.7934338Z   TECTONIC_PKGCONFIG_FORCE_SEMI_STATIC: true
2026-01-11T17:09:42.7934597Z   SOURCE_BRANCH: release-debug
2026-01-11T17:09:42.7934811Z ##[endgroup]
2026-01-11T17:09:42.8009848Z + cd /home/runner/work/tectonic/tectonic
2026-01-11T17:09:43.7427622Z + cargo build --release
2026-01-11T17:09:43.7428100Z     Updating crates.io index
2026-01-11T17:09:44.6161041Z  Downloading crates ...
2026-01-11T17:09:44.8591138Z   Downloaded futures-sink v0.3.31
2026-01-11T17:09:44.8855875Z   Downloaded heck v0.5.0
2026-01-11T17:09:44.8891837Z   Downloaded rand_chacha v0.3.1
2026-01-11T17:09:44.8915891Z   Downloaded parking v2.2.1
2026-01-11T17:09:44.8930276Z   Downloaded hyper-util v0.1.19
2026-01-11T17:09:44.8984962Z   Downloaded nu-ansi-term v0.50.3
2026-01-11T17:09:44.9012140Z   Downloaded rand v0.8.5
2026-01-11T17:09:44.9067786Z   Downloaded serde_urlencoded v0.7.1
2026-01-11T17:09:44.9141133Z   Downloaded sync_wrapper v1.0.2
2026-01-11T17:09:44.9186198Z   Downloaded tokio-native-tls v0.3.1
2026-01-11T17:09:44.9208727Z   Downloaded schemars v1.2.0
2026-01-11T17:09:44.9336818Z   Downloaded zerofrom v0.1.6
2026-01-11T17:09:44.9371262Z   Downloaded zopfli v0.8.3
2026-01-11T17:09:44.9471061Z   Downloaded zmij v1.0.12
2026-01-11T17:09:44.9499202Z   Downloaded zerovec v0.11.5
2026-01-11T17:09:44.9556053Z   Downloaded winnow v0.7.14
2026-01-11T17:09:44.9684030Z   Downloaded toml_datetime v0.6.11
2026-01-11T17:09:44.9702251Z   Downloaded watchexec v8.0.1
2026-01-11T17:09:44.9731977Z   Downloaded uuid v1.19.0
2026-01-11T17:09:44.9760418Z   Downloaded unicode-ident v1.0.22
2026-01-11T17:09:44.9783119Z   Downloaded writeable v0.6.2
2026-01-11T17:09:44.9801642Z   Downloaded openssl v0.10.75
2026-01-11T17:09:44.9875987Z   Downloaded zerofrom-derive v0.1.6
2026-01-11T17:09:44.9886090Z   Downloaded zeroize v1.8.2
2026-01-11T17:09:44.9898690Z   Downloaded zerocopy v0.8.31
2026-01-11T17:09:45.0031490Z   Downloaded xdg v2.5.2
2026-01-11T17:09:45.0056457Z   Downloaded sha1-checked v0.10.0
2026-01-11T17:09:45.0105662Z   Downloaded encoding_rs v0.8.35
2026-01-11T17:09:45.0257922Z   Downloaded nix v0.30.1
2026-01-11T17:09:45.0331900Z   Downloaded url v2.5.8
2026-01-11T17:09:45.0351337Z   Downloaded jiff v0.2.18
2026-01-11T17:09:45.0468873Z   Downloaded unicode-normalization v0.1.25
2026-01-11T17:09:45.0493818Z   Downloaded typenum v1.19.0
2026-01-11T17:09:45.0515055Z   Downloaded toml_edit v0.23.10+spec-1.0.0
2026-01-11T17:09:45.0539339Z   Downloaded unicode-width v0.1.14
2026-01-11T17:09:45.0581439Z   Downloaded zip v4.6.1
2026-01-11T17:09:45.0609255Z   Downloaded libz-sys v1.1.23
2026-01-11T17:09:45.0745322Z   Downloaded toml_edit v0.22.27
2026-01-11T17:09:45.0771066Z   Downloaded libc v0.2.179
2026-01-11T17:09:45.0981519Z   Downloaded ring v0.17.14
2026-01-11T17:09:45.1243742Z   Downloaded which v8.0.0
2026-01-11T17:09:45.1255288Z   Downloaded watchexec-signals v5.0.0
2026-01-11T17:09:45.1261548Z   Downloaded zlib-rs v0.5.5
2026-01-11T17:09:45.1295683Z   Downloaded watchexec-filterer-ignore v7.0.0
2026-01-11T17:09:45.1306032Z   Downloaded watchexec-events v6.0.0
2026-01-11T17:09:45.1316762Z   Downloaded tower-layer v0.3.3
2026-01-11T17:09:45.1322257Z   Downloaded unicode-bom v2.0.3
2026-01-11T17:09:45.1331217Z   Downloaded tower-service v0.3.3
2026-01-11T17:09:45.1336390Z   Downloaded tower v0.5.2
2026-01-11T17:09:45.1388243Z   Downloaded tokio v1.49.0
2026-01-11T17:09:45.1626780Z   Downloaded toml v0.8.23
2026-01-11T17:09:45.1640502Z   Downloaded regex-syntax v0.8.8
2026-01-11T17:09:45.1690071Z   Downloaded process-wrap v8.2.1
2026-01-11T17:09:45.1726444Z   Downloaded tracing v0.1.44
2026-01-11T17:09:45.1830672Z   Downloaded syn v2.0.113
2026-01-11T17:09:45.1895084Z   Downloaded rust_decimal v1.39.0
2026-01-11T17:09:45.1933275Z   Downloaded want v0.3.1
2026-01-11T17:09:45.1939035Z   Downloaded tera v1.20.1
2026-01-11T17:09:45.1965146Z   Downloaded regex-automata v0.4.13
2026-01-11T17:09:45.2063816Z   Downloaded hashbrown v0.14.5
2026-01-11T17:09:45.2094884Z   Downloaded h2 v0.4.13
2026-01-11T17:09:45.2133322Z   Downloaded vcpkg v0.2.15
2026-01-11T17:09:45.2382115Z   Downloaded tokio-util v0.7.18
2026-01-11T17:09:45.2426038Z   Downloaded tokio-stream v0.1.18
2026-01-11T17:09:45.2451378Z   Downloaded serde_json v1.0.148
2026-01-11T17:09:45.2495467Z   Downloaded pest v2.8.5
2026-01-11T17:09:45.2528378Z   Downloaded walkdir v2.5.0
2026-01-11T17:09:45.2538937Z   Downloaded version_check v0.9.5
2026-01-11T17:09:45.2546319Z   Downloaded utf8parse v0.2.2
2026-01-11T17:09:45.2552718Z   Downloaded utf8_iter v1.0.4
2026-01-11T17:09:45.2558684Z   Downloaded utf8-width v0.1.8
2026-01-11T17:09:45.2563461Z   Downloaded tracing-subscriber v0.3.22
2026-01-11T17:09:45.2613565Z   Downloaded toml_parser v1.0.6+spec-1.1.0
2026-01-11T17:09:45.2628899Z   Downloaded tokio-rustls v0.26.4
2026-01-11T17:09:45.2642091Z   Downloaded thread_local v1.1.9
2026-01-11T17:09:45.2650918Z   Downloaded simd-adler32 v0.3.8
2026-01-11T17:09:45.2661068Z   Downloaded regex v1.12.2
2026-01-11T17:09:45.2698762Z   Downloaded miette v7.6.0
2026-01-11T17:09:45.2726072Z   Downloaded tower-http v0.6.8
2026-01-11T17:09:45.2771781Z   Downloaded tinyvec v1.10.0
2026-01-11T17:09:45.2789298Z   Downloaded tar v0.4.44
2026-01-11T17:09:45.2806677Z   Downloaded socket2 v0.6.1
2026-01-11T17:09:45.2818805Z   Downloaded smallvec v1.15.1
2026-01-11T17:09:45.2832928Z   Downloaded simdutf8 v0.1.5
2026-01-11T17:09:45.2846261Z   Downloaded sharded-slab v0.1.7
2026-01-11T17:09:45.2867207Z   Downloaded sha2 v0.10.9
2026-01-11T17:09:45.2882204Z   Downloaded rustix v1.1.3
2026-01-11T17:09:45.3026354Z   Downloaded prodash v29.0.2
2026-01-11T17:09:45.3049638Z   Downloaded parse-zoneinfo v0.3.1
2026-01-11T17:09:45.3068815Z   Downloaded mio v1.1.1
2026-01-11T17:09:45.3101622Z   Downloaded zerotrie v0.2.3
2026-01-11T17:09:45.3122654Z   Downloaded watchexec-supervisor v5.0.1
2026-01-11T17:09:45.3135603Z   Downloaded unicode-segmentation v1.12.0
2026-01-11T17:09:45.3157853Z   Downloaded toml_write v0.1.2
2026-01-11T17:09:45.3166725Z   Downloaded tinystr v0.8.2
2026-01-11T17:09:45.3180857Z   Downloaded thiserror-impl v2.0.17
2026-01-11T17:09:45.3190581Z   Downloaded thiserror v2.0.17
2026-01-11T17:09:45.3222727Z   Downloaded termcolor v1.4.1
2026-01-11T17:09:45.3231349Z   Downloaded tempfile v3.24.0
2026-01-11T17:09:45.3245569Z   Downloaded synstructure v0.13.2
2026-01-11T17:09:45.3252586Z   Downloaded subtle v2.6.1
2026-01-11T17:09:45.3260147Z   Downloaded stable_deref_trait v1.2.1
2026-01-11T17:09:45.3266094Z   Downloaded slug v0.1.6
2026-01-11T17:09:45.3272179Z   Downloaded signal-hook-registry v1.4.8
2026-01-11T17:09:45.3281486Z   Downloaded sha1 v0.10.6
2026-01-11T17:09:45.3291551Z   Downloaded serde_spanned v0.6.9
2026-01-11T17:09:45.3298610Z   Downloaded serde_derive v1.0.228
2026-01-11T17:09:45.3318018Z   Downloaded rustls-pki-types v1.13.2
2026-01-11T17:09:45.3332562Z   Downloaded rustls v0.23.36
2026-01-11T17:09:45.3406637Z   Downloaded quick-xml v0.37.5
2026-01-11T17:09:45.3441040Z   Downloaded proc-macro2 v1.0.105
2026-01-11T17:09:45.3460119Z   Downloaded pinot v0.1.5
2026-01-11T17:09:45.3480482Z   Downloaded num-traits v0.2.19
2026-01-11T17:09:45.3496389Z   Downloaded log v0.4.29
2026-01-11T17:09:45.3512899Z   Downloaded bstr v1.12.1
2026-01-11T17:09:45.3566803Z   Downloaded zerovec-derive v0.11.2
2026-01-11T17:09:45.3575868Z   Downloaded yoke-derive v0.8.1
2026-01-11T17:09:45.3582045Z   Downloaded yoke v0.8.1
2026-01-11T17:09:45.3592682Z   Downloaded xattr v1.6.1
2026-01-11T17:09:45.3603488Z   Downloaded wyz v0.5.1
2026-01-11T17:09:45.3610977Z   Downloaded watchexec-filterer-globset v8.0.0
2026-01-11T17:09:45.3619676Z   Downloaded ucd-trie v0.1.7
2026-01-11T17:09:45.3629486Z   Downloaded tracing-log v0.2.0
2026-01-11T17:09:45.3637792Z   Downloaded tracing-core v0.1.36
2026-01-11T17:09:45.3654431Z   Downloaded tracing-attributes v0.1.31
2026-01-11T17:09:45.3671139Z   Downloaded tinyvec_macros v0.1.1
2026-01-11T17:09:45.3676095Z   Downloaded tap v1.0.1
2026-01-11T17:09:45.3681659Z   Downloaded seahash v4.1.0
2026-01-11T17:09:45.3690827Z   Downloaded scopeguard v1.2.0
2026-01-11T17:09:45.3697897Z   Downloaded rkyv_derive v0.7.46
2026-01-11T17:09:45.3706980Z   Downloaded rend v0.4.2
2026-01-11T17:09:45.3713970Z   Downloaded ref-cast-impl v1.0.25
2026-01-11T17:09:45.3719254Z   Downloaded linux-raw-sys v0.11.0
2026-01-11T17:09:45.4098103Z   Downloaded ppv-lite86 v0.2.21
2026-01-11T17:09:45.4105220Z   Downloaded pkg-config v0.3.32
2026-01-11T17:09:45.4113942Z   Downloaded pin-project-lite v0.2.16
2026-01-11T17:09:45.4142422Z   Downloaded phf_macros v0.11.3
2026-01-11T17:09:45.4148612Z   Downloaded phf_generator v0.11.3
2026-01-11T17:09:45.4155226Z   Downloaded phf v0.11.3
2026-01-11T17:09:45.4163062Z   Downloaded pest_meta v2.8.5
2026-01-11T17:09:45.4174801Z   Downloaded pest_generator v2.8.5
2026-01-11T17:09:45.4182345Z   Downloaded pest_derive v2.8.5
2026-01-11T17:09:45.4196053Z   Downloaded parking_lot_core v0.9.12
2026-01-11T17:09:45.4209074Z   Downloaded parking_lot v0.12.5
2026-01-11T17:09:45.4231351Z   Downloaded once_cell v1.21.3
2026-01-11T17:09:45.4251389Z   Downloaded notify-types v2.0.0
2026-01-11T17:09:45.4267738Z   Downloaded notify v8.2.0
2026-01-11T17:09:45.4278483Z   Downloaded miette-derive v7.6.0
2026-01-11T17:09:45.4286786Z   Downloaded litemap v0.8.1
2026-01-11T17:09:45.4299402Z   Downloaded chrono-tz v0.9.0
2026-01-11T17:09:45.4342665Z   Downloaded untrusted v0.9.0
2026-01-11T17:09:45.4351356Z   Downloaded try-lock v0.2.5
2026-01-11T17:09:45.4356043Z   Downloaded toml_datetime v0.7.5+spec-1.1.0
2026-01-11T17:09:45.4363932Z   Downloaded syn v1.0.109
2026-01-11T17:09:45.4420251Z   Downloaded ptr_meta_derive v0.1.4
2026-01-11T17:09:45.4424093Z   Downloaded ptr_meta v0.1.4
2026-01-11T17:09:45.4429098Z   Downloaded proc-macro-crate v3.4.0
2026-01-11T17:09:45.4436471Z   Downloaded potential_utf v0.1.4
2026-01-11T17:09:45.4442621Z   Downloaded pin-utils v0.1.0
2026-01-11T17:09:45.4449365Z   Downloaded phf_shared v0.11.3
2026-01-11T17:09:45.4454595Z   Downloaded phf_codegen v0.11.3
2026-01-11T17:09:45.4459821Z   Downloaded openssl-macros v0.1.1
2026-01-11T17:09:45.4463905Z   Downloaded mime v0.3.17
2026-01-11T17:09:45.4472063Z   Downloaded md-5 v0.10.6
2026-01-11T17:09:45.4480147Z   Downloaded heapless v0.8.0
2026-01-11T17:09:45.4501582Z   Downloaded hashbrown v0.16.1
2026-01-11T17:09:45.4532694Z   Downloaded hash32 v0.3.1
2026-01-11T17:09:45.4540249Z   Downloaded gix-path v0.10.22
2026-01-11T17:09:45.4550774Z   Downloaded chrono v0.4.42
2026-01-11T17:09:45.4593249Z   Downloaded rustls-webpki v0.103.8
2026-01-11T17:09:45.4613875Z   Downloaded rkyv v0.7.46
2026-01-11T17:09:45.4657883Z   Downloaded reqwest v0.12.28
2026-01-11T17:09:45.4692294Z   Downloaded ref-cast v1.0.25
2026-01-11T17:09:45.4706897Z   Downloaded radix_trie v0.2.1
2026-01-11T17:09:45.4740264Z   Downloaded radium v0.7.0
2026-01-11T17:09:45.4746104Z   Downloaded project-origins v1.4.2
2026-01-11T17:09:45.4751467Z   Downloaded openssl-probe v0.1.6
2026-01-11T17:09:45.4761334Z   Downloaded libm v0.2.15
2026-01-11T17:09:45.4829883Z   Downloaded indexmap v2.12.1
2026-01-11T17:09:45.4854368Z   Downloaded idna v1.1.0
2026-01-11T17:09:45.4878273Z   Downloaded icu_properties_data v2.1.2
2026-01-11T17:09:45.4934094Z   Downloaded gix-ref v0.52.1
2026-01-11T17:09:45.4957799Z   Downloaded gix-object v0.49.1
2026-01-11T17:09:45.4975272Z   Downloaded gix-hash v0.18.0
2026-01-11T17:09:45.4983466Z   Downloaded gix-fs v0.15.0
2026-01-11T17:09:45.4992305Z   Downloaded enrede v0.2.0
2026-01-11T17:09:45.5014829Z   Downloaded clap_builder v4.5.54
2026-01-11T17:09:45.5053050Z   Downloaded bitvec v1.0.1
2026-01-11T17:09:45.5137926Z   Downloaded tokio-macros v2.6.0
2026-01-11T17:09:45.5144819Z   Downloaded serde_core v1.0.228
2026-01-11T17:09:45.5161949Z   Downloaded serde v1.0.228
2026-01-11T17:09:45.5182366Z   Downloaded ryu v1.0.22
2026-01-11T17:09:45.5199976Z   Downloaded percent-encoding v2.3.2
2026-01-11T17:09:45.5205329Z   Downloaded pathdiff v0.2.3
2026-01-11T17:09:45.5210716Z   Downloaded openssl-sys v0.9.111
2026-01-11T17:09:45.5240425Z   Downloaded open v5.3.3
2026-01-11T17:09:45.5249698Z   Downloaded normalize-path v0.2.1
2026-01-11T17:09:45.5253659Z   Downloaded nibble_vec v0.1.0
2026-01-11T17:09:45.5260594Z   Downloaded matchers v0.2.0
2026-01-11T17:09:45.5266258Z   Downloaded jiff-static v0.2.18
2026-01-11T17:09:45.5283062Z   Downloaded is_terminal_polyfill v1.70.2
2026-01-11T17:09:45.5289282Z   Downloaded is-docker v0.2.0
2026-01-11T17:09:45.5294619Z   Downloaded iri-string v0.7.10
2026-01-11T17:09:45.5335425Z   Downloaded inotify-sys v0.1.5
2026-01-11T17:09:45.5340662Z   Downloaded ignore-files v3.0.4
2026-01-11T17:09:45.5351240Z   Downloaded ignore v0.4.25
2026-01-11T17:09:45.5364954Z   Downloaded icu_properties v2.1.2
2026-01-11T17:09:45.5379397Z   Downloaded icu_normalizer_data v2.1.1
2026-01-11T17:09:45.5394676Z   Downloaded icu_locale_core v2.1.1
2026-01-11T17:09:45.5429660Z   Downloaded icu_collections v2.1.1
2026-01-11T17:09:45.5464024Z   Downloaded http-body-util v0.1.3
2026-01-11T17:09:45.5474417Z   Downloaded hashbrown v0.12.3
2026-01-11T17:09:45.5497338Z   Downloaded globset v0.4.18
2026-01-11T17:09:45.5506032Z   Downloaded gix-utils v0.3.1
2026-01-11T17:09:45.5512528Z   Downloaded gix-tempfile v17.1.0
2026-01-11T17:09:45.5521688Z   Downloaded gix-sec v0.11.0
2026-01-11T17:09:45.5529242Z   Downloaded gix-lock v17.1.0
2026-01-11T17:09:45.5536378Z   Downloaded gix-hashtable v0.8.1
2026-01-11T17:09:45.5541828Z   Downloaded gix-features v0.42.1
2026-01-11T17:09:45.5556042Z   Downloaded gix-config v0.45.1
2026-01-11T17:09:45.5581997Z   Downloaded futures-util v0.3.31
2026-01-11T17:09:45.5648601Z   Downloaded futures-task v0.3.31
2026-01-11T17:09:45.5655214Z   Downloaded faster-hex v0.10.0
2026-01-11T17:09:45.5663863Z   Downloaded deunicode v1.6.2
2026-01-11T17:09:45.5683610Z   Downloaded crc32fast v1.5.0
2026-01-11T17:09:45.5697989Z   Downloaded clap v4.5.54
2026-01-11T17:09:45.5745805Z   Downloaded chrono-tz-build v0.3.0
2026-01-11T17:09:45.5750608Z   Downloaded bytes v1.11.0
2026-01-11T17:09:45.5775641Z   Downloaded byteorder v1.5.0
2026-01-11T17:09:45.5784998Z   Downloaded bytemuck_derive v1.10.2
2026-01-11T17:09:45.5792617Z   Downloaded borsh v1.6.0
2026-01-11T17:09:45.5830119Z   Downloaded atomic-waker v1.1.2
2026-01-11T17:09:45.5836893Z   Downloaded aho-corasick v1.1.4
2026-01-11T17:09:45.5870018Z   Downloaded strsim v0.11.1
2026-01-11T17:09:45.5877127Z   Downloaded slab v0.4.11
2026-01-11T17:09:45.5884163Z   Downloaded siphasher v1.0.1
2026-01-11T17:09:45.5890709Z   Downloaded shlex v1.3.0
2026-01-11T17:09:45.5897756Z   Downloaded same-file v1.0.6
2026-01-11T17:09:45.5905344Z   Downloaded rand_core v0.6.4
2026-01-11T17:09:45.5913105Z   Downloaded native-tls v0.2.14
2026-01-11T17:09:45.5924111Z   Downloaded lazy_static v1.5.0
2026-01-11T17:09:45.5933830Z   Downloaded ipnet v2.11.0
2026-01-11T17:09:45.5943190Z   Downloaded inotify v0.11.0
2026-01-11T17:09:45.5953813Z   Downloaded idna_adapter v1.2.1
2026-01-11T17:09:45.5959355Z   Downloaded icu_normalizer v2.1.1
2026-01-11T17:09:45.5980448Z   Downloaded hyper-tls v0.6.0
2026-01-11T17:09:45.5988672Z   Downloaded hyper-rustls v0.27.7
2026-01-11T17:09:45.6002239Z   Downloaded httparse v1.10.1
2026-01-11T17:09:45.6018271Z   Downloaded futures-executor v0.3.31
2026-01-11T17:09:45.6026286Z   Downloaded funty v2.0.0
2026-01-11T17:09:45.6031422Z   Downloaded form_urlencoded v1.2.2
2026-01-11T17:09:45.6035976Z   Downloaded fnv v1.0.7
2026-01-11T17:09:45.6040883Z   Downloaded find-msvc-tools v0.1.6
2026-01-11T17:09:45.6049952Z   Downloaded crossbeam-deque v0.8.6
2026-01-11T17:09:45.6058068Z   Downloaded concurrent-queue v2.5.0
2026-01-11T17:09:45.6067930Z   Downloaded clap_derive v4.5.49
2026-01-11T17:09:45.6080352Z   Downloaded cc v1.2.51
2026-01-11T17:09:45.6098888Z   Downloaded borsh-derive v1.6.0
2026-01-11T17:09:45.6115383Z   Downloaded autocfg v1.5.0
2026-01-11T17:09:45.6125982Z   Downloaded itoa v1.0.17
2026-01-11T17:09:45.6133778Z   Downloaded icu_provider v2.1.1
2026-01-11T17:09:45.6150147Z   Downloaded humansize v2.1.3
2026-01-11T17:09:45.6159715Z   Downloaded futures-macro v0.3.31
2026-01-11T17:09:45.6165339Z   Downloaded env_home v0.1.0
2026-01-11T17:09:45.6171008Z   Downloaded cpufeatures v0.2.17
2026-01-11T17:09:45.6178633Z   Downloaded cfg_aliases v0.2.1
2026-01-11T17:09:45.6184239Z   Downloaded bytecheck v0.6.12
2026-01-11T17:09:45.6189716Z   Downloaded http-body v1.0.1
2026-01-11T17:09:45.6195304Z   Downloaded fastrand v2.3.0
2026-01-11T17:09:45.6202622Z   Downloaded dyn-clone v1.0.20
2026-01-11T17:09:45.6211396Z   Downloaded memmap2 v0.9.9
2026-01-11T17:09:45.6222844Z   Downloaded iana-time-zone v0.1.64
2026-01-11T17:09:45.6239502Z   Downloaded futures v0.3.31
2026-01-11T17:09:45.6266502Z   Downloaded equivalent v1.0.2
2026-01-11T17:09:45.6271971Z   Downloaded hyper v1.8.1
2026-01-11T17:09:45.6311757Z   Downloaded memchr v2.7.6
2026-01-11T17:09:45.6342804Z   Downloaded lock_api v0.4.14
2026-01-11T17:09:45.6351457Z   Downloaded libz-rs-sys v0.5.5
2026-01-11T17:09:45.6361129Z   Downloaded is-wsl v0.4.0
2026-01-11T17:09:45.6366667Z   Downloaded http v1.4.0
2026-01-11T17:09:45.6389052Z   Downloaded futures-channel v0.3.31
2026-01-11T17:09:45.6400594Z   Downloaded displaydoc v0.2.5
2026-01-11T17:09:45.6415733Z   Downloaded byte-unit v5.2.0
2026-01-11T17:09:45.6433040Z   Downloaded bumpalo v3.19.1
2026-01-11T17:09:45.6450194Z   Downloaded base64 v0.22.1
2026-01-11T17:09:45.6471997Z   Downloaded anstyle-parse v0.2.7
2026-01-11T17:09:45.6482222Z   Downloaded quote v1.0.43
2026-01-11T17:09:45.6496765Z   Downloaded html-escape v0.2.13
2026-01-11T17:09:45.6508899Z   Downloaded globwalk v0.9.1
2026-01-11T17:09:45.6516061Z   Downloaded gix-validate v0.10.1
2026-01-11T17:09:45.6523221Z   Downloaded gix-trace v0.1.16
2026-01-11T17:09:45.6529650Z   Downloaded gix-date v0.10.7
2026-01-11T17:09:45.6538073Z   Downloaded gix-actor v0.35.6
2026-01-11T17:09:45.6544970Z   Downloaded getrandom v0.3.4
2026-01-11T17:09:45.6564524Z   Downloaded getrandom v0.2.16
2026-01-11T17:09:45.6580404Z   Downloaded futures-io v0.3.31
2026-01-11T17:09:45.6585174Z   Downloaded foreign-types v0.3.2
2026-01-11T17:09:45.6589631Z   Downloaded flate2 v1.1.5
2026-01-11T17:09:45.6615584Z   Downloaded event-listener v4.0.3
2026-01-11T17:09:45.6629259Z   Downloaded endian-type v0.1.2
2026-01-11T17:09:45.6632449Z   Downloaded crossbeam-utils v0.8.21
2026-01-11T17:09:45.6648253Z   Downloaded crossbeam-epoch v0.9.18
2026-01-11T17:09:45.6663184Z   Downloaded colorchoice v1.0.4
2026-01-11T17:09:45.6668951Z   Downloaded clap_complete v4.5.64
2026-01-11T17:09:45.6688518Z   Downloaded cfg-if v1.0.4
2026-01-11T17:09:45.6695214Z   Downloaded bytemuck v1.24.0
2026-01-11T17:09:45.6713100Z   Downloaded bitflags v2.10.0
2026-01-11T17:09:45.6735563Z   Downloaded arrayvec v0.7.6
2026-01-11T17:09:45.6748270Z   Downloaded app_dirs2 v2.5.5
2026-01-11T17:09:45.6760539Z   Downloaded anyhow v1.0.100
2026-01-11T17:09:45.6781987Z   Downloaded anstyle v1.0.13
2026-01-11T17:09:45.6790810Z   Downloaded anstream v0.6.21
2026-01-11T17:09:45.6802712Z   Downloaded ahash v0.7.8
2026-01-11T17:09:45.6816652Z   Downloaded gix-glob v0.20.1
2026-01-11T17:09:45.6824248Z   Downloaded gix-config-value v0.15.3
2026-01-11T17:09:45.6832009Z   Downloaded generic-array v0.14.7
2026-01-11T17:09:45.6840069Z   Downloaded filetime v0.2.26
2026-01-11T17:09:45.6849290Z   Downloaded digest v0.10.7
2026-01-11T17:09:45.6858921Z   Downloaded crypto-common v0.1.7
2026-01-11T17:09:45.6864041Z   Downloaded bytecheck_derive v0.6.12
2026-01-11T17:09:45.6868167Z   Downloaded block-buffer v0.10.4
2026-01-11T17:09:45.6873555Z   Downloaded atomic-take v1.1.0
2026-01-11T17:09:45.6879027Z   Downloaded async-priority-channel v0.2.0
2026-01-11T17:09:45.6887468Z   Downloaded anstyle-query v1.1.5
2026-01-11T17:09:45.6894161Z   Downloaded futures-core v0.3.31
2026-01-11T17:09:45.6902186Z   Downloaded foreign-types-shared v0.1.1
2026-01-11T17:09:45.6906316Z   Downloaded errno v0.3.14
2026-01-11T17:09:45.6914207Z   Downloaded dunce v1.0.5
2026-01-11T17:09:45.6919530Z   Downloaded clap_lex v0.7.6
2026-01-11T17:09:46.5617916Z    Compiling proc-macro2 v1.0.105
2026-01-11T17:09:46.5618435Z    Compiling quote v1.0.43
2026-01-11T17:09:46.5618797Z    Compiling unicode-ident v1.0.22
2026-01-11T17:09:46.5619166Z    Compiling libc v0.2.179
2026-01-11T17:09:49.7103058Z    Compiling cfg-if v1.0.4
2026-01-11T17:09:49.7372813Z    Compiling memchr v2.7.6
2026-01-11T17:09:52.2432285Z    Compiling pkg-config v0.3.32
2026-01-11T17:09:52.2600704Z    Compiling vcpkg v0.2.15
2026-01-11T17:09:52.8416410Z    Compiling log v0.4.29
2026-01-11T17:09:52.9157573Z    Compiling shlex v1.3.0
2026-01-11T17:09:53.0208172Z    Compiling find-msvc-tools v0.1.6
2026-01-11T17:09:53.0710396Z    Compiling bitflags v2.10.0
2026-01-11T17:09:53.3322266Z    Compiling syn v2.0.113
2026-01-11T17:09:53.3726867Z    Compiling cc v1.2.51
2026-01-11T17:09:53.4045465Z    Compiling thiserror v2.0.17
2026-01-11T17:09:53.6143419Z    Compiling smallvec v1.15.1
2026-01-11T17:09:53.8108567Z    Compiling once_cell v1.21.3
2026-01-11T17:09:53.9649587Z    Compiling aho-corasick v1.1.4
2026-01-11T17:09:54.0359224Z    Compiling regex-syntax v0.8.8
2026-01-11T17:09:54.5880928Z    Compiling pin-project-lite v0.2.16
2026-01-11T17:09:54.6269865Z    Compiling tectonic_dep_support v0.17.1 (/home/runner/work/tectonic/tectonic/crates/dep_support)
2026-01-11T17:09:54.7068970Z    Compiling version_check v0.9.5
2026-01-11T17:09:54.9217721Z    Compiling typenum v1.19.0
2026-01-11T17:09:55.0777203Z    Compiling generic-array v0.14.7
2026-01-11T17:09:55.1447676Z    Compiling stable_deref_trait v1.2.1
2026-01-11T17:09:56.3323041Z    Compiling regex-automata v0.4.13
2026-01-11T17:09:58.3085278Z    Compiling thiserror-impl v2.0.17
2026-01-11T17:09:59.4805081Z    Compiling serde_core v1.0.228
2026-01-11T17:09:59.6267711Z    Compiling futures-core v0.3.31
2026-01-11T17:09:59.7300995Z    Compiling bstr v1.12.1
2026-01-11T17:10:00.8809040Z    Compiling bytes v1.11.0
2026-01-11T17:10:01.3953366Z    Compiling itoa v1.0.17
2026-01-11T17:10:01.7713228Z    Compiling crypto-common v0.1.7
2026-01-11T17:10:01.8494403Z    Compiling block-buffer v0.10.4
2026-01-11T17:10:01.9395198Z    Compiling serde v1.0.228
2026-01-11T17:10:02.0991126Z    Compiling digest v0.10.7
2026-01-11T17:10:02.2625284Z    Compiling serde_derive v1.0.228
2026-01-11T17:10:02.3471870Z    Compiling mio v1.1.1
2026-01-11T17:10:03.1330324Z    Compiling errno v0.3.14
2026-01-11T17:10:03.2344505Z    Compiling futures-sink v0.3.31
2026-01-11T17:10:03.2869205Z    Compiling signal-hook-registry v1.4.8
2026-01-11T17:10:03.8851059Z    Compiling tokio-macros v2.6.0
2026-01-11T17:10:04.0304518Z    Compiling socket2 v0.6.1
2026-01-11T17:10:04.3493846Z    Compiling same-file v1.0.6
2026-01-11T17:10:04.4426020Z    Compiling cpufeatures v0.2.17
2026-01-11T17:10:04.4749300Z    Compiling walkdir v2.5.0
2026-01-11T17:10:05.0585956Z    Compiling tokio v1.49.0
2026-01-11T17:10:05.2577051Z    Compiling synstructure v0.13.2
2026-01-11T17:10:05.6344448Z    Compiling slab v0.4.11
2026-01-11T17:10:05.7172855Z    Compiling futures-channel v0.3.31
2026-01-11T17:10:05.7790200Z    Compiling pin-utils v0.1.0
2026-01-11T17:10:05.8108268Z    Compiling hashbrown v0.16.1
2026-01-11T17:10:05.8871357Z    Compiling equivalent v1.0.2
2026-01-11T17:10:05.9238444Z    Compiling zerofrom-derive v0.1.6
2026-01-11T17:10:06.4510167Z    Compiling indexmap v2.12.1
2026-01-11T17:10:06.9266809Z    Compiling futures-macro v0.3.31
2026-01-11T17:10:07.3389518Z    Compiling tectonic_bridge_png v0.17.1 (/home/runner/work/tectonic/tectonic/crates/bridge_png)
2026-01-11T17:10:07.4466426Z    Compiling parking_lot_core v0.9.12
2026-01-11T17:10:07.4593043Z    Compiling fastrand v2.3.0
2026-01-11T17:10:07.5516168Z    Compiling crc32fast v1.5.0
2026-01-11T17:10:07.6586713Z    Compiling tinyvec_macros v0.1.1
2026-01-11T17:10:07.6778788Z    Compiling futures-io v0.3.31
2026-01-11T17:10:07.6888083Z    Compiling futures-task v0.3.31
2026-01-11T17:10:07.7965256Z    Compiling futures-util v0.3.31
2026-01-11T17:10:07.8011075Z    Compiling tinyvec v1.10.0
2026-01-11T17:10:08.3188742Z    Compiling zerofrom v0.1.6
2026-01-11T17:10:08.3959922Z    Compiling yoke-derive v0.8.1
2026-01-11T17:10:09.1489445Z    Compiling libz-sys v1.1.23
2026-01-11T17:10:09.3452302Z    Compiling tracing-core v0.1.36
2026-01-11T17:10:10.3751052Z    Compiling lazy_static v1.5.0
2026-01-11T17:10:10.4152370Z    Compiling scopeguard v1.2.0
2026-01-11T17:10:10.4602757Z    Compiling lock_api v0.4.14
2026-01-11T17:10:10.6564833Z    Compiling tectonic_cfg_support v0.17.1 (/home/runner/work/tectonic/tectonic/crates/cfg_support)
2026-01-11T17:10:10.7227058Z    Compiling yoke v0.8.1
2026-01-11T17:10:11.1670668Z    Compiling unicode-normalization v0.1.25
2026-01-11T17:10:11.6230328Z    Compiling gix-validate v0.10.1
2026-01-11T17:10:12.1573970Z    Compiling tracing-attributes v0.1.31
2026-01-11T17:10:12.1868976Z    Compiling zlib-rs v0.5.5
2026-01-11T17:10:13.1523917Z    Compiling tectonic_bridge_flate v0.17.1 (/home/runner/work/tectonic/tectonic/crates/bridge_flate)
2026-01-11T17:10:13.2365823Z    Compiling siphasher v1.0.1
2026-01-11T17:10:13.4071201Z    Compiling gix-trace v0.1.16
2026-01-11T17:10:13.4641561Z    Compiling crossbeam-utils v0.8.21
2026-01-11T17:10:13.6189110Z    Compiling anyhow v1.0.100
2026-01-11T17:10:13.8309263Z    Compiling gix-path v0.10.22
2026-01-11T17:10:14.2627555Z    Compiling phf_shared v0.11.3
2026-01-11T17:10:14.3857432Z    Compiling tracing v0.1.44
2026-01-11T17:10:14.6044797Z    Compiling gix-utils v0.3.1
2026-01-11T17:10:14.7833489Z    Compiling libz-rs-sys v0.5.5
2026-01-11T17:10:15.0042731Z    Compiling parking_lot v0.12.5
2026-01-11T17:10:15.8176713Z    Compiling zerovec-derive v0.11.2
2026-01-11T17:10:15.8542599Z    Compiling rand_core v0.6.4
2026-01-11T17:10:15.9510691Z    Compiling rustix v1.1.3
2026-01-11T17:10:16.2250491Z    Compiling rand v0.8.5
2026-01-11T17:10:16.6916304Z    Compiling prodash v29.0.2
2026-01-11T17:10:16.7042971Z    Compiling zerovec v0.11.5
2026-01-11T17:10:17.3323796Z    Compiling flate2 v1.1.5
2026-01-11T17:10:18.4712095Z    Compiling displaydoc v0.2.5
2026-01-11T17:10:18.7986225Z    Compiling tectonic_bridge_core v0.17.1 (/home/runner/work/tectonic/tectonic/crates/bridge_core)
2026-01-11T17:10:18.8128658Z    Compiling byteorder v1.5.0
2026-01-11T17:10:18.8954900Z    Compiling linux-raw-sys v0.11.0
2026-01-11T17:10:19.0207391Z    Compiling tectonic_errors v0.17.1 (/home/runner/work/tectonic/tectonic/crates/errors)
2026-01-11T17:10:19.0783463Z    Compiling gix-features v0.42.1
2026-01-11T17:10:19.2653116Z    Compiling phf_generator v0.11.3
2026-01-11T17:10:19.3638233Z    Compiling openssl-sys v0.9.111
2026-01-11T17:10:19.3819857Z    Compiling getrandom v0.3.4
2026-01-11T17:10:19.5173314Z    Compiling heapless v0.8.0
2026-01-11T17:10:19.7241366Z    Compiling tectonic_status_base v0.17.1 (/home/runner/work/tectonic/tectonic/crates/status_base)
2026-01-11T17:10:19.7944818Z    Compiling hash32 v0.3.1
2026-01-11T17:10:19.8075369Z    Compiling tinystr v0.8.2
2026-01-11T17:10:19.8740189Z    Compiling http v1.4.0
2026-01-11T17:10:19.9232654Z    Compiling winnow v0.7.14
2026-01-11T17:10:21.5874201Z    Compiling cfg_aliases v0.2.1
2026-01-11T17:10:21.6163697Z    Compiling litemap v0.8.1
2026-01-11T17:10:21.6382138Z    Compiling xdg v2.5.2
2026-01-11T17:10:21.7521787Z    Compiling writeable v0.6.2
2026-01-11T17:10:21.8117368Z    Compiling percent-encoding v2.3.2
2026-01-11T17:10:21.9124235Z    Compiling icu_locale_core v2.1.1
2026-01-11T17:10:21.9558959Z    Compiling app_dirs2 v2.5.5
2026-01-11T17:10:22.1493927Z    Compiling nix v0.30.1
2026-01-11T17:10:22.5163808Z    Compiling zerotrie v0.2.3
2026-01-11T17:10:22.8076824Z    Compiling potential_utf v0.1.4
2026-01-11T17:10:22.8620998Z    Compiling sha2 v0.10.9
2026-01-11T17:10:22.8957454Z    Compiling sha1 v0.10.6
2026-01-11T17:10:23.2363485Z    Compiling tectonic_bridge_graphite2 v0.17.1 (/home/runner/work/tectonic/tectonic/crates/bridge_graphite2)
2026-01-11T17:10:23.3337544Z    Compiling tectonic_bridge_freetype2 v0.17.1 (/home/runner/work/tectonic/tectonic/crates/bridge_freetype2)
2026-01-11T17:10:23.4401990Z    Compiling autocfg v1.5.0
2026-01-11T17:10:24.1645069Z    Compiling icu_properties_data v2.1.2
2026-01-11T17:10:24.2314598Z    Compiling icu_normalizer_data v2.1.1
2026-01-11T17:10:24.3123175Z    Compiling num-traits v0.2.19
2026-01-11T17:10:24.3732102Z    Compiling tectonic_io_base v0.17.1 (/home/runner/work/tectonic/tectonic/crates/io_base)
2026-01-11T17:10:24.3769827Z    Compiling sha1-checked v0.10.0
2026-01-11T17:10:25.0769687Z    Compiling icu_collections v2.1.1
2026-01-11T17:10:25.7341813Z    Compiling faster-hex v0.10.0
2026-01-11T17:10:25.7823718Z    Compiling icu_provider v2.1.1
2026-01-11T17:10:26.0653788Z    Compiling tempfile v3.24.0
2026-01-11T17:10:26.0938700Z    Compiling http-body v1.0.1
2026-01-11T17:10:26.1536575Z    Compiling crossbeam-epoch v0.9.18
2026-01-11T17:10:26.4593411Z    Compiling futures-executor v0.3.31
2026-01-11T17:10:26.7634415Z    Compiling miette-derive v7.6.0
2026-01-11T17:10:26.8516991Z    Compiling httparse v1.10.1
2026-01-11T17:10:26.8996247Z    Compiling unicode-width v0.1.14
2026-01-11T17:10:26.9829242Z    Compiling foreign-types-shared v0.1.1
2026-01-11T17:10:27.0094104Z    Compiling jiff v0.2.18
2026-01-11T17:10:27.0984814Z    Compiling openssl v0.10.75
2026-01-11T17:10:27.4362519Z    Compiling foreign-types v0.3.2
2026-01-11T17:10:27.4836131Z    Compiling futures v0.3.31
2026-01-11T17:10:27.5163283Z    Compiling crossbeam-deque v0.8.6
2026-01-11T17:10:27.5670297Z    Compiling miette v7.6.0
2026-01-11T17:10:27.6429049Z    Compiling regex v1.12.2
2026-01-11T17:10:28.9804109Z    Compiling gix-hash v0.18.0
2026-01-11T17:10:29.5431153Z    Compiling phf_macros v0.11.3
2026-01-11T17:10:29.9797763Z    Compiling gix-fs v0.15.0
2026-01-11T17:10:30.3614232Z    Compiling tectonic_pdf_io v0.17.1 (/home/runner/work/tectonic/tectonic/crates/pdf_io)
2026-01-11T17:10:30.4833542Z    Compiling tectonic_bridge_harfbuzz v0.17.1 (/home/runner/work/tectonic/tectonic/crates/bridge_harfbuzz)
2026-01-11T17:10:30.4863548Z    Compiling tokio-util v0.7.18
2026-01-11T17:10:30.6698126Z    Compiling md-5 v0.10.6
2026-01-11T17:10:30.6938479Z    Compiling globset v0.4.18
2026-01-11T17:10:30.7499877Z    Compiling openssl-macros v0.1.1
2026-01-11T17:10:30.9049692Z    Compiling tectonic_bridge_fontconfig v0.17.1 (/home/runner/work/tectonic/tectonic/crates/bridge_fontconfig)
2026-01-11T17:10:31.0169750Z    Compiling gix-date v0.10.7
2026-01-11T17:10:31.6902528Z    Compiling tectonic_bridge_icu v0.17.1 (/home/runner/work/tectonic/tectonic/crates/bridge_icu)
2026-01-11T17:10:31.8062560Z    Compiling try-lock v0.2.5
2026-01-11T17:10:31.8588182Z    Compiling tower-service v0.3.3
2026-01-11T17:10:31.9030088Z    Compiling fnv v1.0.7
2026-01-11T17:10:31.9473278Z    Compiling hashbrown v0.14.5
2026-01-11T17:10:32.6165229Z    Compiling native-tls v0.2.14
2026-01-11T17:10:32.6970297Z    Compiling atomic-waker v1.1.2
2026-01-11T17:10:32.7498095Z    Compiling zerocopy v0.8.31
2026-01-11T17:10:32.7572082Z    Compiling h2 v0.4.13
2026-01-11T17:10:32.9918250Z    Compiling gix-hashtable v0.8.1
2026-01-11T17:10:33.0690039Z    Compiling want v0.3.1
2026-01-11T17:10:33.1920957Z    Compiling gix-actor v0.35.6
2026-01-11T17:10:33.5043565Z    Compiling ignore v0.4.25
2026-01-11T17:10:41.3062585Z    Compiling gix-tempfile v17.1.0
2026-01-11T17:10:41.9148658Z    Compiling phf v0.11.3
2026-01-11T17:10:42.0133107Z    Compiling icu_normalizer v2.1.1
2026-01-11T17:10:42.0193126Z    Compiling icu_properties v2.1.2
2026-01-11T17:10:43.5646841Z    Compiling parse-zoneinfo v0.3.1
2026-01-11T17:10:44.1384031Z    Compiling phf_codegen v0.11.3
2026-01-11T17:10:44.4205310Z    Compiling openssl-probe v0.1.6
2026-01-11T17:10:44.5614250Z    Compiling ucd-trie v0.1.7
2026-01-11T17:10:44.7183102Z    Compiling notify-types v2.0.0
2026-01-11T17:10:45.1921547Z    Compiling pest v2.8.5
2026-01-11T17:10:45.4943525Z    Compiling chrono-tz-build v0.3.0
2026-01-11T17:10:45.8584362Z    Compiling hyper v1.8.1
2026-01-11T17:10:46.4713851Z    Compiling idna_adapter v1.2.1
2026-01-11T17:10:46.5411546Z    Compiling gix-lock v17.1.0
2026-01-11T17:10:47.1500812Z    Compiling gix-object v0.49.1
2026-01-11T17:10:51.0912799Z    Compiling watchexec-signals v5.0.0
2026-01-11T17:10:51.3283369Z    Compiling form_urlencoded v1.2.2
2026-01-11T17:10:51.5284086Z    Compiling concurrent-queue v2.5.0
2026-01-11T17:10:51.6820561Z    Compiling tectonic_xetex_layout v0.17.1 (/home/runner/work/tectonic/tectonic/crates/xetex_layout)
2026-01-11T17:10:51.7731114Z    Compiling sync_wrapper v1.0.2
2026-01-11T17:10:51.8253937Z    Compiling inotify-sys v0.1.5
2026-01-11T17:10:51.8804404Z    Compiling memmap2 v0.9.9
2026-01-11T17:10:52.1180737Z    Compiling getrandom v0.2.16
2026-01-11T17:10:52.1285912Z    Compiling utf8parse v0.2.2
2026-01-11T17:10:52.1816567Z    Compiling arrayvec v0.7.6
2026-01-11T17:10:52.2902984Z    Compiling base64 v0.22.1
2026-01-11T17:10:52.3921528Z    Compiling parking v2.2.1
2026-01-11T17:10:52.5036366Z    Compiling libm v0.2.15
2026-01-11T17:10:52.6561198Z    Compiling tower-layer v0.3.3
2026-01-11T17:10:52.7694972Z    Compiling zmij v1.0.12
2026-01-11T17:10:52.8604606Z    Compiling utf8_iter v1.0.4
2026-01-11T17:10:52.8874877Z    Compiling ipnet v2.11.0
2026-01-11T17:10:52.9645057Z    Compiling idna v1.1.0
2026-01-11T17:10:54.2840963Z    Compiling hyper-util v0.1.19
2026-01-11T17:10:55.4344093Z    Compiling tower v0.5.2
2026-01-11T17:10:55.9729334Z    Compiling event-listener v4.0.3
2026-01-11T17:10:56.3704300Z    Compiling anstyle-parse v0.2.7
2026-01-11T17:10:56.5210839Z    Compiling ppv-lite86 v0.2.21
2026-01-11T17:10:56.8972238Z    Compiling gix-ref v0.52.1
2026-01-11T17:10:57.4953197Z    Compiling inotify v0.11.0
2026-01-11T17:10:58.0544142Z    Compiling watchexec-events v6.0.0
2026-01-11T17:10:58.2631536Z    Compiling pest_meta v2.8.5
2026-01-11T17:10:59.7352578Z    Compiling chrono-tz v0.9.0
2026-01-11T17:10:59.8366464Z    Compiling tokio-native-tls v0.3.1
2026-01-11T17:10:59.9444968Z    Compiling process-wrap v8.2.1
2026-01-11T17:11:01.6752268Z    Compiling http-body-util v0.1.3
2026-01-11T17:11:01.8991342Z    Compiling gix-glob v0.20.1
2026-01-11T17:11:02.6928254Z    Compiling gix-config-value v0.15.3
2026-01-11T17:11:02.9774230Z    Compiling tokio-stream v0.1.18
2026-01-11T17:11:03.4224631Z    Compiling bytemuck_derive v1.10.2
2026-01-11T17:11:03.4998832Z    Compiling gix-sec v0.11.0
2026-01-11T17:11:03.7816811Z    Compiling nibble_vec v0.1.0
2026-01-11T17:11:03.8619374Z    Compiling serde_json v1.0.148
2026-01-11T17:11:03.9389355Z    Compiling anstyle v1.0.13
2026-01-11T17:11:04.1519198Z    Compiling iana-time-zone v0.1.64
2026-01-11T17:11:04.4282475Z    Compiling anstyle-query v1.1.5
2026-01-11T17:11:04.4767864Z    Compiling normalize-path v0.2.1
2026-01-11T17:11:04.5646154Z    Compiling endian-type v0.1.2
2026-01-11T17:11:04.5970384Z    Compiling iri-string v0.7.10
2026-01-11T17:11:04.6442827Z    Compiling zeroize v1.8.2
2026-01-11T17:11:04.7693228Z    Compiling ryu v1.0.22
2026-01-11T17:11:05.0350575Z    Compiling unicode-bom v2.0.3
2026-01-11T17:11:05.1725362Z    Compiling is_terminal_polyfill v1.70.2
2026-01-11T17:11:05.2146375Z    Compiling colorchoice v1.0.4
2026-01-11T17:11:05.2675015Z    Compiling anstream v0.6.21
2026-01-11T17:11:05.7266508Z    Compiling gix-config v0.45.1
2026-01-11T17:11:05.8670224Z warning: tectonic_pdf_io@0.17.1: pdf_io/dpx-mpost.c: In function 'mps_do_page':
2026-01-11T17:11:05.8672293Z warning: tectonic_pdf_io@0.17.1: pdf_io/dpx-mpost.c:1510:3: warning: ignoring return value of 'fread' declared with attribute 'warn_unused_result' [-Wunused-result]
2026-01-11T17:11:05.8674059Z warning: tectonic_pdf_io@0.17.1:  1510 |   fread(buffer, sizeof(char), size, image_file);
2026-01-11T17:11:05.8675269Z warning: tectonic_pdf_io@0.17.1:       |   ^~~~~~~~~~~~~~~~~~~~~~~~~~~~~~~~~~~~~~~~~~~~~
2026-01-11T17:11:05.8676215Z    Compiling serde_urlencoded v0.7.1
2026-01-11T17:11:06.0832965Z    Compiling rustls-pki-types v1.13.2
2026-01-11T17:11:06.9251797Z    Compiling tower-http v0.6.8
2026-01-11T17:11:07.4940030Z    Compiling radix_trie v0.2.1
2026-01-11T17:11:07.8633256Z    Compiling bytemuck v1.24.0
2026-01-11T17:11:07.9536260Z    Compiling chrono v0.4.42
2026-01-11T17:11:08.1056673Z    Compiling project-origins v1.4.2
2026-01-11T17:11:08.3925194Z    Compiling hyper-tls v0.6.0
2026-01-11T17:11:08.5903094Z    Compiling watchexec-supervisor v5.0.1
2026-01-11T17:11:12.4225965Z    Compiling pest_generator v2.8.5
2026-01-11T17:11:12.9402341Z    Compiling notify v8.2.0
2026-01-11T17:11:13.0482763Z    Compiling rand_chacha v0.3.1
2026-01-11T17:11:13.1556890Z    Compiling async-priority-channel v0.2.0
2026-01-11T17:11:13.9323486Z    Compiling url v2.5.8
2026-01-11T17:11:15.8297553Z    Compiling tectonic_engine_xetex v0.17.1 (/home/runner/work/tectonic/tectonic/crates/engine_xetex)
2026-01-11T17:11:15.9653976Z    Compiling toml_datetime v0.6.11
2026-01-11T17:11:16.2899476Z    Compiling serde_spanned v0.6.9
2026-01-11T17:11:16.3744161Z    Compiling tectonic_engine_xdvipdfmx v0.17.1 (/home/runner/work/tectonic/tectonic/crates/engine_xdvipdfmx)
2026-01-11T17:11:16.4751436Z    Compiling encoding_rs v0.8.35
2026-01-11T17:11:16.7555476Z    Compiling toml_write v0.1.2
2026-01-11T17:11:16.9384857Z    Compiling clap_lex v0.7.6
2026-01-11T17:11:17.2255890Z    Compiling heck v0.5.0
2026-01-11T17:11:17.3691745Z    Compiling mime v0.3.17
2026-01-11T17:11:17.8304757Z    Compiling deunicode v1.6.2
2026-01-11T17:11:18.0436618Z    Compiling strsim v0.11.1
2026-01-11T17:11:18.4212421Z    Compiling bumpalo v3.19.1
2026-01-11T17:11:18.6565152Z    Compiling dunce v1.0.5
2026-01-11T17:11:18.8755046Z    Compiling utf8-width v0.1.8
2026-01-11T17:11:18.9141022Z    Compiling simd-adler32 v0.3.8
2026-01-11T17:11:19.2205452Z    Compiling rust_decimal v1.39.0
2026-01-11T17:11:19.3698248Z    Compiling atomic-take v1.1.0
2026-01-11T17:11:19.4158885Z    Compiling watchexec v8.0.1
2026-01-11T17:11:19.4359610Z    Compiling zopfli v0.8.3
2026-01-11T17:11:21.9145312Z    Compiling ignore-files v3.0.4
2026-01-11T17:11:23.1242171Z    Compiling clap_builder v4.5.54
2026-01-11T17:11:24.8849085Z    Compiling slug v0.1.6
2026-01-11T17:11:25.1476856Z    Compiling reqwest v0.12.28
2026-01-11T17:11:30.4222918Z    Compiling clap_derive v4.5.49
2026-01-11T17:11:32.0316852Z    Compiling toml_edit v0.22.27
2026-01-11T17:11:36.5409717Z    Compiling humansize v2.1.3
2026-01-11T17:11:40.3683749Z    Compiling pest_derive v2.8.5
2026-01-11T17:11:43.2444748Z    Compiling enrede v0.2.0
2026-01-11T17:11:43.5131458Z    Compiling globwalk v0.9.1
2026-01-11T17:11:45.6954949Z    Compiling is-docker v0.2.0
2026-01-11T17:11:45.8621890Z    Compiling unicode-segmentation v1.12.0
2026-01-11T17:11:45.9318992Z    Compiling is-wsl v0.4.0
2026-01-11T17:11:46.2089108Z    Compiling tera v1.20.1
2026-01-11T17:11:46.4697543Z    Compiling toml v0.8.23
2026-01-11T17:11:48.8456434Z    Compiling clap v4.5.54
2026-01-11T17:11:48.8828898Z    Compiling tectonic_geturl v0.17.1 (/home/runner/work/tectonic/tectonic/crates/geturl)
2026-01-11T17:11:49.5957252Z    Compiling watchexec-filterer-ignore v7.0.0
2026-01-11T17:11:49.6136581Z    Compiling zip v4.6.1
2026-01-11T17:11:52.0996234Z    Compiling html-escape v0.2.13
2026-01-11T17:11:52.1893043Z    Compiling sharded-slab v0.1.7
2026-01-11T17:11:52.8350551Z    Compiling xattr v1.6.1
2026-01-11T17:11:52.9338742Z    Compiling tectonic_xdv v0.17.1 (/home/runner/work/tectonic/tectonic/crates/xdv)
2026-01-11T17:11:53.1747039Z    Compiling tracing-log v0.2.0
2026-01-11T17:11:53.4809664Z    Compiling matchers v0.2.0
2026-01-11T17:11:53.5065471Z    Compiling filetime v0.2.26
2026-01-11T17:11:53.5670698Z    Compiling thread_local v1.1.9
2026-01-11T17:11:53.6724861Z    Compiling env_home v0.1.0
2026-01-11T17:11:53.7314950Z    Compiling nu-ansi-term v0.50.3
2026-01-11T17:11:53.8319478Z    Compiling pathdiff v0.2.3
2026-01-11T17:11:53.8857817Z    Compiling pinot v0.1.5
2026-01-11T17:11:54.2615117Z    Compiling jxoesneon-tectonic v0.17.1 (/home/runner/work/tectonic/tectonic)
2026-01-11T17:11:54.3415210Z    Compiling tracing-subscriber v0.3.22
2026-01-11T17:11:55.9084093Z    Compiling tectonic_engine_spx2html v0.17.1 (/home/runner/work/tectonic/tectonic/crates/engine_spx2html)
2026-01-11T17:11:57.8543123Z warning: tectonic_engine_xetex@0.17.1: xetex/xetex-ext.c: In function 'loadOTfont':
2026-01-11T17:11:57.8553949Z warning: tectonic_engine_xetex@0.17.1: xetex/xetex-ext.c:662:42: warning: to be safe all intermediate pointers in cast from 'char **' to 'const char **' must be 'const' qualified [-Wcast-qual]
2026-01-11T17:11:57.8558518Z warning: tectonic_engine_xetex@0.17.1:   662 |                     features, nFeatures, (const char**) shapers, rgbValue, extend, slant, embolden);
2026-01-11T17:11:57.8562319Z warning: tectonic_engine_xetex@0.17.1:       |                                          ^
2026-01-11T17:11:57.8564828Z warning: tectonic_engine_xetex@0.17.1: xetex/xetex-ext.c: In function 'gr_print_font_name':
2026-01-11T17:11:57.8577428Z warning: tectonic_engine_xetex@0.17.1: xetex/xetex-ext.c:1041:18: warning: assignment discards 'const' qualifier from pointer target type [-Wdiscarded-qualifiers]
2026-01-11T17:11:57.8607380Z warning: tectonic_engine_xetex@0.17.1:  1041 |             name = getGraphiteFeatureLabel(engine, param1);
2026-01-11T17:11:57.8608861Z warning: tectonic_engine_xetex@0.17.1:       |                  ^
2026-01-11T17:11:57.8610677Z warning: tectonic_engine_xetex@0.17.1: xetex/xetex-ext.c:1044:18: warning: assignment discards 'const' qualifier from pointer target type [-Wdiscarded-qualifiers]
2026-01-11T17:11:57.8612820Z warning: tectonic_engine_xetex@0.17.1:  1044 |             name = getGraphiteFeatureSettingLabel(engine, param1, param2);
2026-01-11T17:11:57.8614118Z warning: tectonic_engine_xetex@0.17.1:       |                  ^
2026-01-11T17:11:57.8615341Z warning: tectonic_engine_xetex@0.17.1: xetex/xetex-ext.c: In function 'make_font_def':
2026-01-11T17:11:57.8617318Z warning: tectonic_engine_xetex@0.17.1: xetex/xetex-ext.c:1216:18: warning: assignment discards 'const' qualifier from pointer target type [-Wdiscarded-qualifiers]
2026-01-11T17:11:57.8619248Z warning: tectonic_engine_xetex@0.17.1:  1216 |         filename = getFontFilename(engine, &index);
2026-01-11T17:11:57.8620409Z warning: tectonic_engine_xetex@0.17.1:       |                  ^
2026-01-11T17:11:57.8621622Z warning: tectonic_engine_xetex@0.17.1: xetex/xetex-ext.c: In function 'print_glyph_name':
2026-01-11T17:11:57.8623683Z warning: tectonic_engine_xetex@0.17.1: xetex/xetex-ext.c:2144:23: warning: passing argument 1 of 'freeGlyphName' discards 'const' qualifier from pointer target type [-Wdiscarded-qualifiers]
2026-01-11T17:11:57.8625685Z warning: tectonic_engine_xetex@0.17.1:  2144 |         freeGlyphName(s);
2026-01-11T17:11:57.8626792Z warning: tectonic_engine_xetex@0.17.1:       |                       ^
2026-01-11T17:11:57.8627943Z warning: tectonic_engine_xetex@0.17.1: In file included from xetex/xetex-ext.h:39,
2026-01-11T17:11:57.8633766Z warning: tectonic_engine_xetex@0.17.1:                  from xetex/xetex-ext.c:40:
2026-01-11T17:11:57.8637322Z warning: tectonic_engine_xetex@0.17.1: /home/runner/work/tectonic/tectonic/target/release/build/tectonic_xetex_layout-931c79adf82f0d79/out/tectonic_xetex_layout.h:217:26: note: expected 'char *' but argument is of type 'const char *'
2026-01-11T17:11:57.8640076Z warning: tectonic_engine_xetex@0.17.1:   217 | void freeGlyphName(char *name);
2026-01-11T17:11:57.8641060Z warning: tectonic_engine_xetex@0.17.1:       |                    ~~~~~~^~~~
2026-01-11T17:11:57.8642582Z warning: tectonic_engine_xetex@0.17.1: xetex/xetex-synctex.c:288:1: warning: no previous prototype for 'synctex_prepare_content' [-Wmissing-prototypes]
2026-01-11T17:11:57.8644001Z warning: tectonic_engine_xetex@0.17.1:   288 | synctex_prepare_content(void)
2026-01-11T17:11:57.8644891Z warning: tectonic_engine_xetex@0.17.1:       | ^~~~~~~~~~~~~~~~~~~~~~~
2026-01-11T17:11:58.1398889Z    Compiling open v5.3.3
2026-01-11T17:11:58.2684516Z    Compiling which v8.0.0
2026-01-11T17:11:58.6763273Z    Compiling tar v0.4.44
2026-01-11T17:12:00.8362786Z    Compiling tectonic_bundles v0.17.1 (/home/runner/work/tectonic/tectonic/crates/bundles)
2026-01-11T17:12:01.7030246Z    Compiling byte-unit v5.2.0
2026-01-11T17:12:02.0419453Z    Compiling watchexec-filterer-globset v8.0.0
2026-01-11T17:12:03.3002017Z    Compiling clap_complete v4.5.64
2026-01-11T17:12:05.4910966Z    Compiling tectonic_docmodel v0.17.1 (/home/runner/work/tectonic/tectonic/crates/docmodel)
2026-01-11T17:12:06.4939372Z    Compiling tectonic_engine_bibtex v0.17.1 (/home/runner/work/tectonic/tectonic/crates/engine_bibtex)
2026-01-11T17:12:07.5546919Z    Compiling quick-xml v0.37.5
2026-01-11T17:12:09.2371863Z    Compiling termcolor v1.4.1
2026-01-11T17:12:19.8529783Z     Finished `release` profile [optimized] target(s) in 2m 37s
2026-01-11T17:12:19.9328251Z + '[' -z '' ']'
2026-01-11T17:12:19.9331108Z ++ cranko show version tectonic
2026-01-11T17:12:24.6519090Z 
2026-01-11T17:12:24.6519763Z error: no such project with the name `tectonic`
2026-01-11T17:12:24.6534728Z + TECTONIC_APPIMAGE_TAG=
2026-01-11T17:12:24.6550564Z ##[error]Process completed with exit code 1.
2026-01-11T17:12:24.6625844Z Post job cleanup.
2026-01-11T17:12:24.7477493Z [command]/usr/bin/git version
2026-01-11T17:12:24.7509764Z git version 2.52.0
2026-01-11T17:12:24.7546721Z Temporarily overriding HOME='/home/runner/work/_temp/bd2f2ab1-4cbc-43fd-862a-2f03e1aeaf06' before making global git config changes
2026-01-11T17:12:24.7547565Z Adding repository directory to the temporary git global config as a safe directory
2026-01-11T17:12:24.7558868Z [command]/usr/bin/git config --global --add safe.directory /home/runner/work/tectonic/tectonic
2026-01-11T17:12:24.7588535Z [command]/usr/bin/git config --local --name-only --get-regexp core\.sshCommand
2026-01-11T17:12:24.7616117Z [command]/usr/bin/git submodule foreach --recursive sh -c "git config --local --name-only --get-regexp 'core\.sshCommand' && git config --local --unset-all 'core.sshCommand' || :"
2026-01-11T17:12:24.7775788Z Entering 'crates/bridge_harfbuzz/harfbuzz'
2026-01-11T17:12:24.7812178Z Entering 'reference_sources'
2026-01-11T17:12:24.7858346Z [command]/usr/bin/git config --local --name-only --get-regexp http\.https\:\/\/github\.com\/\.extraheader
2026-01-11T17:12:24.7874814Z http.https://github.com/.extraheader
2026-01-11T17:12:24.7884823Z [command]/usr/bin/git config --local --unset-all http.https://github.com/.extraheader
2026-01-11T17:12:24.7910110Z [command]/usr/bin/git submodule foreach --recursive sh -c "git config --local --name-only --get-regexp 'http\.https\:\/\/github\.com\/\.extraheader' && git config --local --unset-all 'http.https://github.com/.extraheader' || :"
2026-01-11T17:12:24.8063406Z Entering 'crates/bridge_harfbuzz/harfbuzz'
2026-01-11T17:12:24.8082754Z http.https://github.com/.extraheader
2026-01-11T17:12:24.8111484Z Entering 'reference_sources'
2026-01-11T17:12:24.8130224Z http.https://github.com/.extraheader
2026-01-11T17:12:24.8165974Z [command]/usr/bin/git config --local --name-only --get-regexp ^includeIf\.gitdir:
2026-01-11T17:12:24.8190343Z [command]/usr/bin/git submodule foreach --recursive git config --local --show-origin --name-only --get-regexp remote.origin.url
2026-01-11T17:12:24.8343641Z Entering 'crates/bridge_harfbuzz/harfbuzz'
2026-01-11T17:12:24.8359178Z file:/home/runner/work/tectonic/tectonic/.git/modules/crates/bridge_harfbuzz/harfbuzz/config	remote.origin.url
2026-01-11T17:12:24.8376791Z Entering 'reference_sources'
2026-01-11T17:12:24.8392624Z file:/home/runner/work/tectonic/tectonic/.git/modules/reference_sources/config	remote.origin.url
2026-01-11T17:12:24.8418489Z [command]/usr/bin/git config --file /home/runner/work/tectonic/tectonic/.git/modules/crates/bridge_harfbuzz/harfbuzz/config --name-only --get-regexp ^includeIf\.gitdir:
2026-01-11T17:12:24.8441946Z [command]/usr/bin/git config --file /home/runner/work/tectonic/tectonic/.git/modules/reference_sources/config --name-only --get-regexp ^includeIf\.gitdir:
2026-01-11T17:12:24.8569292Z Cleaning up orphan processes
